[2026-05-24T18:24:55.324+0000] {processor.py:161} INFO - Started process (PID=207) to work on /opt/airflow/dags/demo-dag.py
[2026-05-24T18:24:55.325+0000] {processor.py:830} INFO - Processing file /opt/airflow/dags/demo-dag.py for tasks to queue
[2026-05-24T18:24:55.326+0000] {logging_mixin.py:188} INFO - [2026-05-24T18:24:55.326+0000] {dagbag.py:538} INFO - Filling up the DagBag from /opt/airflow/dags/demo-dag.py
[2026-05-24T18:24:55.344+0000] {processor.py:840} INFO - DAG(s) 'demo_diplom_dag' retrieved from /opt/airflow/dags/demo-dag.py
[2026-05-24T18:24:55.366+0000] {logging_mixin.py:188} INFO - [2026-05-24T18:24:55.366+0000] {dag.py:3036} INFO - Sync 1 DAGs
[2026-05-24T18:24:55.382+0000] {logging_mixin.py:188} INFO - [2026-05-24T18:24:55.382+0000] {dag.py:3823} INFO - Setting next_dagrun for demo_diplom_dag to 2026-05-24 00:00:00+00:00, run_after=2026-05-31 00:00:00+00:00
[2026-05-24T18:24:55.395+0000] {processor.py:183} INFO - Processing /opt/airflow/dags/demo-dag.py took 0.074 seconds
[2026-05-24T18:25:25.495+0000] {processor.py:161} INFO - Started process (PID=230) to work on /opt/airflow/dags/demo-dag.py
[2026-05-24T18:25:25.497+0000] {processor.py:830} INFO - Processing file /opt/airflow/dags/demo-dag.py for tasks to queue
[2026-05-24T18:25:25.498+0000] {logging_mixin.py:188} INFO - [2026-05-24T18:25:25.497+0000] {dagbag.py:538} INFO - Filling up the DagBag from /opt/airflow/dags/demo-dag.py
[2026-05-24T18:25:25.524+0000] {processor.py:840} INFO - DAG(s) 'demo_diplom_dag' retrieved from /opt/airflow/dags/demo-dag.py
[2026-05-24T18:25:25.613+0000] {logging_mixin.py:188} INFO - [2026-05-24T18:25:25.613+0000] {dag.py:3036} INFO - Sync 1 DAGs
[2026-05-24T18:25:25.629+0000] {logging_mixin.py:188} INFO - [2026-05-24T18:25:25.628+0000] {dag.py:3823} INFO - Setting next_dagrun for demo_diplom_dag to 2026-05-24 00:00:00+00:00, run_after=2026-05-31 00:00:00+00:00
[2026-05-24T18:25:25.643+0000] {processor.py:183} INFO - Processing /opt/airflow/dags/demo-dag.py took 0.151 seconds
[2026-05-24T18:33:15.060+0000] {processor.py:161} INFO - Started process (PID=208) to work on /opt/airflow/dags/demo-dag.py
[2026-05-24T18:33:15.061+0000] {processor.py:830} INFO - Processing file /opt/airflow/dags/demo-dag.py for tasks to queue
[2026-05-24T18:33:15.062+0000] {logging_mixin.py:188} INFO - [2026-05-24T18:33:15.062+0000] {dagbag.py:538} INFO - Filling up the DagBag from /opt/airflow/dags/demo-dag.py
[2026-05-24T18:33:15.083+0000] {processor.py:840} INFO - DAG(s) 'demo_diplom_dag' retrieved from /opt/airflow/dags/demo-dag.py
[2026-05-24T18:33:15.110+0000] {logging_mixin.py:188} INFO - [2026-05-24T18:33:15.110+0000] {dag.py:3036} INFO - Sync 1 DAGs
[2026-05-24T18:33:15.129+0000] {logging_mixin.py:188} INFO - [2026-05-24T18:33:15.129+0000] {dag.py:3823} INFO - Setting next_dagrun for demo_diplom_dag to 2026-05-24 00:00:00+00:00, run_after=2026-05-31 00:00:00+00:00
[2026-05-24T18:33:15.145+0000] {processor.py:183} INFO - Processing /opt/airflow/dags/demo-dag.py took 0.088 seconds
[2026-05-24T18:33:45.207+0000] {processor.py:161} INFO - Started process (PID=225) to work on /opt/airflow/dags/demo-dag.py
[2026-05-24T18:33:45.208+0000] {processor.py:830} INFO - Processing file /opt/airflow/dags/demo-dag.py for tasks to queue
[2026-05-24T18:33:45.209+0000] {logging_mixin.py:188} INFO - [2026-05-24T18:33:45.209+0000] {dagbag.py:538} INFO - Filling up the DagBag from /opt/airflow/dags/demo-dag.py
[2026-05-24T18:33:45.227+0000] {processor.py:840} INFO - DAG(s) 'demo_diplom_dag' retrieved from /opt/airflow/dags/demo-dag.py
[2026-05-24T18:33:45.305+0000] {logging_mixin.py:188} INFO - [2026-05-24T18:33:45.305+0000] {dag.py:3036} INFO - Sync 1 DAGs
[2026-05-24T18:33:45.320+0000] {logging_mixin.py:188} INFO - [2026-05-24T18:33:45.320+0000] {dag.py:3823} INFO - Setting next_dagrun for demo_diplom_dag to 2026-05-24 00:00:00+00:00, run_after=2026-05-31 00:00:00+00:00
[2026-05-24T18:33:45.334+0000] {processor.py:183} INFO - Processing /opt/airflow/dags/demo-dag.py took 0.130 seconds
[2026-05-24T18:34:15.376+0000] {processor.py:161} INFO - Started process (PID=230) to work on /opt/airflow/dags/demo-dag.py
[2026-05-24T18:34:15.377+0000] {processor.py:830} INFO - Processing file /opt/airflow/dags/demo-dag.py for tasks to queue
[2026-05-24T18:34:15.378+0000] {logging_mixin.py:188} INFO - [2026-05-24T18:34:15.378+0000] {dagbag.py:538} INFO - Filling up the DagBag from /opt/airflow/dags/demo-dag.py
[2026-05-24T18:34:15.399+0000] {processor.py:840} INFO - DAG(s) 'demo_diplom_dag' retrieved from /opt/airflow/dags/demo-dag.py
[2026-05-24T18:34:15.424+0000] {logging_mixin.py:188} INFO - [2026-05-24T18:34:15.423+0000] {dag.py:3036} INFO - Sync 1 DAGs
[2026-05-24T18:34:15.440+0000] {logging_mixin.py:188} INFO - [2026-05-24T18:34:15.440+0000] {dag.py:3823} INFO - Setting next_dagrun for demo_diplom_dag to 2026-05-24 00:00:00+00:00, run_after=2026-05-31 00:00:00+00:00
[2026-05-24T18:34:15.453+0000] {processor.py:183} INFO - Processing /opt/airflow/dags/demo-dag.py took 0.081 seconds
[2026-05-24T18:34:45.574+0000] {processor.py:161} INFO - Started process (PID=235) to work on /opt/airflow/dags/demo-dag.py
[2026-05-24T18:34:45.575+0000] {processor.py:830} INFO - Processing file /opt/airflow/dags/demo-dag.py for tasks to queue
[2026-05-24T18:34:45.576+0000] {logging_mixin.py:188} INFO - [2026-05-24T18:34:45.576+0000] {dagbag.py:538} INFO - Filling up the DagBag from /opt/airflow/dags/demo-dag.py
[2026-05-24T18:34:45.593+0000] {processor.py:840} INFO - DAG(s) 'demo_diplom_dag' retrieved from /opt/airflow/dags/demo-dag.py
[2026-05-24T18:34:45.614+0000] {logging_mixin.py:188} INFO - [2026-05-24T18:34:45.614+0000] {dag.py:3036} INFO - Sync 1 DAGs
[2026-05-24T18:34:45.631+0000] {logging_mixin.py:188} INFO - [2026-05-24T18:34:45.631+0000] {dag.py:3823} INFO - Setting next_dagrun for demo_diplom_dag to 2026-05-24 00:00:00+00:00, run_after=2026-05-31 00:00:00+00:00
[2026-05-24T18:34:45.643+0000] {processor.py:183} INFO - Processing /opt/airflow/dags/demo-dag.py took 0.072 seconds
[2026-05-24T18:35:15.700+0000] {processor.py:161} INFO - Started process (PID=240) to work on /opt/airflow/dags/demo-dag.py
[2026-05-24T18:35:15.701+0000] {processor.py:830} INFO - Processing file /opt/airflow/dags/demo-dag.py for tasks to queue
[2026-05-24T18:35:15.702+0000] {logging_mixin.py:188} INFO - [2026-05-24T18:35:15.702+0000] {dagbag.py:538} INFO - Filling up the DagBag from /opt/airflow/dags/demo-dag.py
[2026-05-24T18:35:15.722+0000] {processor.py:840} INFO - DAG(s) 'demo_diplom_dag' retrieved from /opt/airflow/dags/demo-dag.py
[2026-05-24T18:35:15.747+0000] {logging_mixin.py:188} INFO - [2026-05-24T18:35:15.747+0000] {dag.py:3036} INFO - Sync 1 DAGs
[2026-05-24T18:35:15.761+0000] {logging_mixin.py:188} INFO - [2026-05-24T18:35:15.761+0000] {dag.py:3823} INFO - Setting next_dagrun for demo_diplom_dag to 2026-05-24 00:00:00+00:00, run_after=2026-05-31 00:00:00+00:00
[2026-05-24T18:35:15.773+0000] {processor.py:183} INFO - Processing /opt/airflow/dags/demo-dag.py took 0.075 seconds
[2026-05-24T18:35:45.869+0000] {processor.py:161} INFO - Started process (PID=245) to work on /opt/airflow/dags/demo-dag.py
[2026-05-24T18:35:45.870+0000] {processor.py:830} INFO - Processing file /opt/airflow/dags/demo-dag.py for tasks to queue
[2026-05-24T18:35:45.871+0000] {logging_mixin.py:188} INFO - [2026-05-24T18:35:45.871+0000] {dagbag.py:538} INFO - Filling up the DagBag from /opt/airflow/dags/demo-dag.py
[2026-05-24T18:35:45.888+0000] {processor.py:840} INFO - DAG(s) 'demo_diplom_dag' retrieved from /opt/airflow/dags/demo-dag.py
[2026-05-24T18:35:45.908+0000] {logging_mixin.py:188} INFO - [2026-05-24T18:35:45.908+0000] {dag.py:3036} INFO - Sync 1 DAGs
[2026-05-24T18:35:45.924+0000] {logging_mixin.py:188} INFO - [2026-05-24T18:35:45.923+0000] {dag.py:3823} INFO - Setting next_dagrun for demo_diplom_dag to 2026-05-24 00:00:00+00:00, run_after=2026-05-31 00:00:00+00:00
[2026-05-24T18:35:45.935+0000] {processor.py:183} INFO - Processing /opt/airflow/dags/demo-dag.py took 0.068 seconds
[2026-05-24T18:36:15.994+0000] {processor.py:161} INFO - Started process (PID=250) to work on /opt/airflow/dags/demo-dag.py
[2026-05-24T18:36:15.994+0000] {processor.py:830} INFO - Processing file /opt/airflow/dags/demo-dag.py for tasks to queue
[2026-05-24T18:36:16.004+0000] {logging_mixin.py:188} INFO - [2026-05-24T18:36:16.003+0000] {dagbag.py:538} INFO - Filling up the DagBag from /opt/airflow/dags/demo-dag.py
[2026-05-24T18:36:16.019+0000] {processor.py:840} INFO - DAG(s) 'demo_diplom_dag' retrieved from /opt/airflow/dags/demo-dag.py
[2026-05-24T18:36:16.038+0000] {logging_mixin.py:188} INFO - [2026-05-24T18:36:16.038+0000] {dag.py:3036} INFO - Sync 1 DAGs
[2026-05-24T18:36:16.052+0000] {logging_mixin.py:188} INFO - [2026-05-24T18:36:16.052+0000] {dag.py:3823} INFO - Setting next_dagrun for demo_diplom_dag to 2026-05-24 00:00:00+00:00, run_after=2026-05-31 00:00:00+00:00
[2026-05-24T18:36:16.064+0000] {processor.py:183} INFO - Processing /opt/airflow/dags/demo-dag.py took 0.073 seconds
[2026-05-24T18:36:46.159+0000] {processor.py:161} INFO - Started process (PID=255) to work on /opt/airflow/dags/demo-dag.py
[2026-05-24T18:36:46.160+0000] {processor.py:830} INFO - Processing file /opt/airflow/dags/demo-dag.py for tasks to queue
[2026-05-24T18:36:46.160+0000] {logging_mixin.py:188} INFO - [2026-05-24T18:36:46.160+0000] {dagbag.py:538} INFO - Filling up the DagBag from /opt/airflow/dags/demo-dag.py
[2026-05-24T18:36:46.177+0000] {processor.py:840} INFO - DAG(s) 'demo_diplom_dag' retrieved from /opt/airflow/dags/demo-dag.py
[2026-05-24T18:36:46.196+0000] {logging_mixin.py:188} INFO - [2026-05-24T18:36:46.196+0000] {dag.py:3036} INFO - Sync 1 DAGs
[2026-05-24T18:36:46.210+0000] {logging_mixin.py:188} INFO - [2026-05-24T18:36:46.210+0000] {dag.py:3823} INFO - Setting next_dagrun for demo_diplom_dag to 2026-05-24 00:00:00+00:00, run_after=2026-05-31 00:00:00+00:00
[2026-05-24T18:36:46.222+0000] {processor.py:183} INFO - Processing /opt/airflow/dags/demo-dag.py took 0.065 seconds
[2026-05-24T18:37:16.288+0000] {processor.py:161} INFO - Started process (PID=260) to work on /opt/airflow/dags/demo-dag.py
[2026-05-24T18:37:16.289+0000] {processor.py:830} INFO - Processing file /opt/airflow/dags/demo-dag.py for tasks to queue
[2026-05-24T18:37:16.289+0000] {logging_mixin.py:188} INFO - [2026-05-24T18:37:16.289+0000] {dagbag.py:538} INFO - Filling up the DagBag from /opt/airflow/dags/demo-dag.py
[2026-05-24T18:37:16.307+0000] {processor.py:840} INFO - DAG(s) 'demo_diplom_dag' retrieved from /opt/airflow/dags/demo-dag.py
[2026-05-24T18:37:16.330+0000] {logging_mixin.py:188} INFO - [2026-05-24T18:37:16.330+0000] {dag.py:3036} INFO - Sync 1 DAGs
[2026-05-24T18:37:16.347+0000] {logging_mixin.py:188} INFO - [2026-05-24T18:37:16.347+0000] {dag.py:3823} INFO - Setting next_dagrun for demo_diplom_dag to 2026-05-24 00:00:00+00:00, run_after=2026-05-31 00:00:00+00:00
[2026-05-24T18:37:16.361+0000] {processor.py:183} INFO - Processing /opt/airflow/dags/demo-dag.py took 0.076 seconds
[2026-05-24T18:37:46.450+0000] {processor.py:161} INFO - Started process (PID=265) to work on /opt/airflow/dags/demo-dag.py
[2026-05-24T18:37:46.451+0000] {processor.py:830} INFO - Processing file /opt/airflow/dags/demo-dag.py for tasks to queue
[2026-05-24T18:37:46.451+0000] {logging_mixin.py:188} INFO - [2026-05-24T18:37:46.451+0000] {dagbag.py:538} INFO - Filling up the DagBag from /opt/airflow/dags/demo-dag.py
[2026-05-24T18:37:46.473+0000] {processor.py:840} INFO - DAG(s) 'demo_diplom_dag' retrieved from /opt/airflow/dags/demo-dag.py
[2026-05-24T18:37:46.498+0000] {logging_mixin.py:188} INFO - [2026-05-24T18:37:46.498+0000] {dag.py:3036} INFO - Sync 1 DAGs
[2026-05-24T18:37:46.513+0000] {logging_mixin.py:188} INFO - [2026-05-24T18:37:46.513+0000] {dag.py:3823} INFO - Setting next_dagrun for demo_diplom_dag to 2026-05-24 00:00:00+00:00, run_after=2026-05-31 00:00:00+00:00
[2026-05-24T18:37:46.526+0000] {processor.py:183} INFO - Processing /opt/airflow/dags/demo-dag.py took 0.079 seconds
[2026-05-24T18:38:16.612+0000] {processor.py:161} INFO - Started process (PID=270) to work on /opt/airflow/dags/demo-dag.py
[2026-05-24T18:38:16.613+0000] {processor.py:830} INFO - Processing file /opt/airflow/dags/demo-dag.py for tasks to queue
[2026-05-24T18:38:16.614+0000] {logging_mixin.py:188} INFO - [2026-05-24T18:38:16.614+0000] {dagbag.py:538} INFO - Filling up the DagBag from /opt/airflow/dags/demo-dag.py
[2026-05-24T18:38:16.629+0000] {processor.py:840} INFO - DAG(s) 'demo_diplom_dag' retrieved from /opt/airflow/dags/demo-dag.py
[2026-05-24T18:38:16.648+0000] {logging_mixin.py:188} INFO - [2026-05-24T18:38:16.648+0000] {dag.py:3036} INFO - Sync 1 DAGs
[2026-05-24T18:38:16.661+0000] {logging_mixin.py:188} INFO - [2026-05-24T18:38:16.661+0000] {dag.py:3823} INFO - Setting next_dagrun for demo_diplom_dag to 2026-05-24 00:00:00+00:00, run_after=2026-05-31 00:00:00+00:00
[2026-05-24T18:38:16.673+0000] {processor.py:183} INFO - Processing /opt/airflow/dags/demo-dag.py took 0.063 seconds
[2026-05-24T18:38:46.747+0000] {processor.py:161} INFO - Started process (PID=275) to work on /opt/airflow/dags/demo-dag.py
[2026-05-24T18:38:46.748+0000] {processor.py:830} INFO - Processing file /opt/airflow/dags/demo-dag.py for tasks to queue
[2026-05-24T18:38:46.749+0000] {logging_mixin.py:188} INFO - [2026-05-24T18:38:46.749+0000] {dagbag.py:538} INFO - Filling up the DagBag from /opt/airflow/dags/demo-dag.py
[2026-05-24T18:38:46.766+0000] {processor.py:840} INFO - DAG(s) 'demo_diplom_dag' retrieved from /opt/airflow/dags/demo-dag.py
[2026-05-24T18:38:46.784+0000] {logging_mixin.py:188} INFO - [2026-05-24T18:38:46.784+0000] {dag.py:3036} INFO - Sync 1 DAGs
[2026-05-24T18:38:46.799+0000] {logging_mixin.py:188} INFO - [2026-05-24T18:38:46.798+0000] {dag.py:3823} INFO - Setting next_dagrun for demo_diplom_dag to 2026-05-24 00:00:00+00:00, run_after=2026-05-31 00:00:00+00:00
[2026-05-24T18:38:46.810+0000] {processor.py:183} INFO - Processing /opt/airflow/dags/demo-dag.py took 0.065 seconds
[2026-05-24T18:39:16.892+0000] {processor.py:161} INFO - Started process (PID=280) to work on /opt/airflow/dags/demo-dag.py
[2026-05-24T18:39:16.893+0000] {processor.py:830} INFO - Processing file /opt/airflow/dags/demo-dag.py for tasks to queue
[2026-05-24T18:39:16.893+0000] {logging_mixin.py:188} INFO - [2026-05-24T18:39:16.893+0000] {dagbag.py:538} INFO - Filling up the DagBag from /opt/airflow/dags/demo-dag.py
[2026-05-24T18:39:16.910+0000] {processor.py:840} INFO - DAG(s) 'demo_diplom_dag' retrieved from /opt/airflow/dags/demo-dag.py
[2026-05-24T18:39:16.932+0000] {logging_mixin.py:188} INFO - [2026-05-24T18:39:16.931+0000] {dag.py:3036} INFO - Sync 1 DAGs
[2026-05-24T18:39:16.946+0000] {logging_mixin.py:188} INFO - [2026-05-24T18:39:16.946+0000] {dag.py:3823} INFO - Setting next_dagrun for demo_diplom_dag to 2026-05-24 00:00:00+00:00, run_after=2026-05-31 00:00:00+00:00
[2026-05-24T18:39:16.957+0000] {processor.py:183} INFO - Processing /opt/airflow/dags/demo-dag.py took 0.068 seconds
[2026-05-24T18:39:47.030+0000] {processor.py:161} INFO - Started process (PID=285) to work on /opt/airflow/dags/demo-dag.py
[2026-05-24T18:39:47.031+0000] {processor.py:830} INFO - Processing file /opt/airflow/dags/demo-dag.py for tasks to queue
[2026-05-24T18:39:47.031+0000] {logging_mixin.py:188} INFO - [2026-05-24T18:39:47.031+0000] {dagbag.py:538} INFO - Filling up the DagBag from /opt/airflow/dags/demo-dag.py
[2026-05-24T18:39:47.049+0000] {processor.py:840} INFO - DAG(s) 'demo_diplom_dag' retrieved from /opt/airflow/dags/demo-dag.py
[2026-05-24T18:39:47.072+0000] {logging_mixin.py:188} INFO - [2026-05-24T18:39:47.072+0000] {dag.py:3036} INFO - Sync 1 DAGs
[2026-05-24T18:39:47.088+0000] {logging_mixin.py:188} INFO - [2026-05-24T18:39:47.087+0000] {dag.py:3823} INFO - Setting next_dagrun for demo_diplom_dag to 2026-05-24 00:00:00+00:00, run_after=2026-05-31 00:00:00+00:00
[2026-05-24T18:39:47.100+0000] {processor.py:183} INFO - Processing /opt/airflow/dags/demo-dag.py took 0.074 seconds
[2026-05-24T18:40:17.176+0000] {processor.py:161} INFO - Started process (PID=290) to work on /opt/airflow/dags/demo-dag.py
[2026-05-24T18:40:17.177+0000] {processor.py:830} INFO - Processing file /opt/airflow/dags/demo-dag.py for tasks to queue
[2026-05-24T18:40:17.178+0000] {logging_mixin.py:188} INFO - [2026-05-24T18:40:17.178+0000] {dagbag.py:538} INFO - Filling up the DagBag from /opt/airflow/dags/demo-dag.py
[2026-05-24T18:40:17.195+0000] {processor.py:840} INFO - DAG(s) 'demo_diplom_dag' retrieved from /opt/airflow/dags/demo-dag.py
[2026-05-24T18:40:17.219+0000] {logging_mixin.py:188} INFO - [2026-05-24T18:40:17.218+0000] {dag.py:3036} INFO - Sync 1 DAGs
[2026-05-24T18:40:17.236+0000] {logging_mixin.py:188} INFO - [2026-05-24T18:40:17.235+0000] {dag.py:3823} INFO - Setting next_dagrun for demo_diplom_dag to 2026-05-24 00:00:00+00:00, run_after=2026-05-31 00:00:00+00:00
[2026-05-24T18:40:17.248+0000] {processor.py:183} INFO - Processing /opt/airflow/dags/demo-dag.py took 0.074 seconds
[2026-05-24T18:40:47.322+0000] {processor.py:161} INFO - Started process (PID=295) to work on /opt/airflow/dags/demo-dag.py
[2026-05-24T18:40:47.322+0000] {processor.py:830} INFO - Processing file /opt/airflow/dags/demo-dag.py for tasks to queue
[2026-05-24T18:40:47.323+0000] {logging_mixin.py:188} INFO - [2026-05-24T18:40:47.323+0000] {dagbag.py:538} INFO - Filling up the DagBag from /opt/airflow/dags/demo-dag.py
[2026-05-24T18:40:47.341+0000] {processor.py:840} INFO - DAG(s) 'demo_diplom_dag' retrieved from /opt/airflow/dags/demo-dag.py
[2026-05-24T18:40:47.364+0000] {logging_mixin.py:188} INFO - [2026-05-24T18:40:47.363+0000] {dag.py:3036} INFO - Sync 1 DAGs
[2026-05-24T18:40:47.381+0000] {logging_mixin.py:188} INFO - [2026-05-24T18:40:47.381+0000] {dag.py:3823} INFO - Setting next_dagrun for demo_diplom_dag to 2026-05-24 00:00:00+00:00, run_after=2026-05-31 00:00:00+00:00
[2026-05-24T18:40:47.395+0000] {processor.py:183} INFO - Processing /opt/airflow/dags/demo-dag.py took 0.076 seconds
[2026-05-24T18:41:17.472+0000] {processor.py:161} INFO - Started process (PID=300) to work on /opt/airflow/dags/demo-dag.py
[2026-05-24T18:41:17.472+0000] {processor.py:830} INFO - Processing file /opt/airflow/dags/demo-dag.py for tasks to queue
[2026-05-24T18:41:17.473+0000] {logging_mixin.py:188} INFO - [2026-05-24T18:41:17.473+0000] {dagbag.py:538} INFO - Filling up the DagBag from /opt/airflow/dags/demo-dag.py
[2026-05-24T18:41:17.490+0000] {processor.py:840} INFO - DAG(s) 'demo_diplom_dag' retrieved from /opt/airflow/dags/demo-dag.py
[2026-05-24T18:41:17.512+0000] {logging_mixin.py:188} INFO - [2026-05-24T18:41:17.512+0000] {dag.py:3036} INFO - Sync 1 DAGs
[2026-05-24T18:41:17.528+0000] {logging_mixin.py:188} INFO - [2026-05-24T18:41:17.528+0000] {dag.py:3823} INFO - Setting next_dagrun for demo_diplom_dag to 2026-05-24 00:00:00+00:00, run_after=2026-05-31 00:00:00+00:00
[2026-05-24T18:41:17.541+0000] {processor.py:183} INFO - Processing /opt/airflow/dags/demo-dag.py took 0.072 seconds
[2026-05-24T18:41:47.620+0000] {processor.py:161} INFO - Started process (PID=305) to work on /opt/airflow/dags/demo-dag.py
[2026-05-24T18:41:47.620+0000] {processor.py:830} INFO - Processing file /opt/airflow/dags/demo-dag.py for tasks to queue
[2026-05-24T18:41:47.621+0000] {logging_mixin.py:188} INFO - [2026-05-24T18:41:47.621+0000] {dagbag.py:538} INFO - Filling up the DagBag from /opt/airflow/dags/demo-dag.py
[2026-05-24T18:41:47.637+0000] {processor.py:840} INFO - DAG(s) 'demo_diplom_dag' retrieved from /opt/airflow/dags/demo-dag.py
[2026-05-24T18:41:47.659+0000] {logging_mixin.py:188} INFO - [2026-05-24T18:41:47.659+0000] {dag.py:3036} INFO - Sync 1 DAGs
[2026-05-24T18:41:47.675+0000] {logging_mixin.py:188} INFO - [2026-05-24T18:41:47.675+0000] {dag.py:3823} INFO - Setting next_dagrun for demo_diplom_dag to 2026-05-24 00:00:00+00:00, run_after=2026-05-31 00:00:00+00:00
[2026-05-24T18:41:47.688+0000] {processor.py:183} INFO - Processing /opt/airflow/dags/demo-dag.py took 0.071 seconds
[2026-05-24T18:42:17.756+0000] {processor.py:161} INFO - Started process (PID=310) to work on /opt/airflow/dags/demo-dag.py
[2026-05-24T18:42:17.757+0000] {processor.py:830} INFO - Processing file /opt/airflow/dags/demo-dag.py for tasks to queue
[2026-05-24T18:42:17.758+0000] {logging_mixin.py:188} INFO - [2026-05-24T18:42:17.758+0000] {dagbag.py:538} INFO - Filling up the DagBag from /opt/airflow/dags/demo-dag.py
[2026-05-24T18:42:17.774+0000] {processor.py:840} INFO - DAG(s) 'demo_diplom_dag' retrieved from /opt/airflow/dags/demo-dag.py
[2026-05-24T18:42:17.795+0000] {logging_mixin.py:188} INFO - [2026-05-24T18:42:17.795+0000] {dag.py:3036} INFO - Sync 1 DAGs
[2026-05-24T18:42:17.811+0000] {logging_mixin.py:188} INFO - [2026-05-24T18:42:17.811+0000] {dag.py:3823} INFO - Setting next_dagrun for demo_diplom_dag to 2026-05-24 00:00:00+00:00, run_after=2026-05-31 00:00:00+00:00
[2026-05-24T18:42:17.824+0000] {processor.py:183} INFO - Processing /opt/airflow/dags/demo-dag.py took 0.070 seconds
[2026-05-24T18:42:47.910+0000] {processor.py:161} INFO - Started process (PID=315) to work on /opt/airflow/dags/demo-dag.py
[2026-05-24T18:42:47.910+0000] {processor.py:830} INFO - Processing file /opt/airflow/dags/demo-dag.py for tasks to queue
[2026-05-24T18:42:47.911+0000] {logging_mixin.py:188} INFO - [2026-05-24T18:42:47.911+0000] {dagbag.py:538} INFO - Filling up the DagBag from /opt/airflow/dags/demo-dag.py
[2026-05-24T18:42:47.927+0000] {processor.py:840} INFO - DAG(s) 'demo_diplom_dag' retrieved from /opt/airflow/dags/demo-dag.py
[2026-05-24T18:42:47.948+0000] {logging_mixin.py:188} INFO - [2026-05-24T18:42:47.947+0000] {dag.py:3036} INFO - Sync 1 DAGs
[2026-05-24T18:42:47.964+0000] {logging_mixin.py:188} INFO - [2026-05-24T18:42:47.964+0000] {dag.py:3823} INFO - Setting next_dagrun for demo_diplom_dag to 2026-05-24 00:00:00+00:00, run_after=2026-05-31 00:00:00+00:00
[2026-05-24T18:42:47.979+0000] {processor.py:183} INFO - Processing /opt/airflow/dags/demo-dag.py took 0.071 seconds
[2026-05-24T18:43:18.056+0000] {processor.py:161} INFO - Started process (PID=320) to work on /opt/airflow/dags/demo-dag.py
[2026-05-24T18:43:18.057+0000] {processor.py:830} INFO - Processing file /opt/airflow/dags/demo-dag.py for tasks to queue
[2026-05-24T18:43:18.057+0000] {logging_mixin.py:188} INFO - [2026-05-24T18:43:18.057+0000] {dagbag.py:538} INFO - Filling up the DagBag from /opt/airflow/dags/demo-dag.py
[2026-05-24T18:43:18.074+0000] {processor.py:840} INFO - DAG(s) 'demo_diplom_dag' retrieved from /opt/airflow/dags/demo-dag.py
[2026-05-24T18:43:18.093+0000] {logging_mixin.py:188} INFO - [2026-05-24T18:43:18.093+0000] {dag.py:3036} INFO - Sync 1 DAGs
[2026-05-24T18:43:18.108+0000] {logging_mixin.py:188} INFO - [2026-05-24T18:43:18.107+0000] {dag.py:3823} INFO - Setting next_dagrun for demo_diplom_dag to 2026-05-24 00:00:00+00:00, run_after=2026-05-31 00:00:00+00:00
[2026-05-24T18:43:18.120+0000] {processor.py:183} INFO - Processing /opt/airflow/dags/demo-dag.py took 0.067 seconds
[2026-05-24T18:43:48.207+0000] {processor.py:161} INFO - Started process (PID=325) to work on /opt/airflow/dags/demo-dag.py
[2026-05-24T18:43:48.208+0000] {processor.py:830} INFO - Processing file /opt/airflow/dags/demo-dag.py for tasks to queue
[2026-05-24T18:43:48.208+0000] {logging_mixin.py:188} INFO - [2026-05-24T18:43:48.208+0000] {dagbag.py:538} INFO - Filling up the DagBag from /opt/airflow/dags/demo-dag.py
[2026-05-24T18:43:48.225+0000] {processor.py:840} INFO - DAG(s) 'demo_diplom_dag' retrieved from /opt/airflow/dags/demo-dag.py
[2026-05-24T18:43:48.244+0000] {logging_mixin.py:188} INFO - [2026-05-24T18:43:48.244+0000] {dag.py:3036} INFO - Sync 1 DAGs
[2026-05-24T18:43:48.261+0000] {logging_mixin.py:188} INFO - [2026-05-24T18:43:48.261+0000] {dag.py:3823} INFO - Setting next_dagrun for demo_diplom_dag to 2026-05-24 00:00:00+00:00, run_after=2026-05-31 00:00:00+00:00
[2026-05-24T18:43:48.274+0000] {processor.py:183} INFO - Processing /opt/airflow/dags/demo-dag.py took 0.070 seconds
[2026-05-24T18:44:18.340+0000] {processor.py:161} INFO - Started process (PID=330) to work on /opt/airflow/dags/demo-dag.py
[2026-05-24T18:44:18.341+0000] {processor.py:830} INFO - Processing file /opt/airflow/dags/demo-dag.py for tasks to queue
[2026-05-24T18:44:18.341+0000] {logging_mixin.py:188} INFO - [2026-05-24T18:44:18.341+0000] {dagbag.py:538} INFO - Filling up the DagBag from /opt/airflow/dags/demo-dag.py
[2026-05-24T18:44:18.357+0000] {processor.py:840} INFO - DAG(s) 'demo_diplom_dag' retrieved from /opt/airflow/dags/demo-dag.py
[2026-05-24T18:44:18.385+0000] {logging_mixin.py:188} INFO - [2026-05-24T18:44:18.385+0000] {dag.py:3036} INFO - Sync 1 DAGs
[2026-05-24T18:44:18.400+0000] {logging_mixin.py:188} INFO - [2026-05-24T18:44:18.400+0000] {dag.py:3823} INFO - Setting next_dagrun for demo_diplom_dag to 2026-05-24 00:00:00+00:00, run_after=2026-05-31 00:00:00+00:00
[2026-05-24T18:44:18.411+0000] {processor.py:183} INFO - Processing /opt/airflow/dags/demo-dag.py took 0.074 seconds
[2026-05-24T18:44:48.493+0000] {processor.py:161} INFO - Started process (PID=335) to work on /opt/airflow/dags/demo-dag.py
[2026-05-24T18:44:48.494+0000] {processor.py:830} INFO - Processing file /opt/airflow/dags/demo-dag.py for tasks to queue
[2026-05-24T18:44:48.494+0000] {logging_mixin.py:188} INFO - [2026-05-24T18:44:48.494+0000] {dagbag.py:538} INFO - Filling up the DagBag from /opt/airflow/dags/demo-dag.py
[2026-05-24T18:44:48.510+0000] {processor.py:840} INFO - DAG(s) 'demo_diplom_dag' retrieved from /opt/airflow/dags/demo-dag.py
[2026-05-24T18:44:48.528+0000] {logging_mixin.py:188} INFO - [2026-05-24T18:44:48.528+0000] {dag.py:3036} INFO - Sync 1 DAGs
[2026-05-24T18:44:48.544+0000] {logging_mixin.py:188} INFO - [2026-05-24T18:44:48.544+0000] {dag.py:3823} INFO - Setting next_dagrun for demo_diplom_dag to 2026-05-24 00:00:00+00:00, run_after=2026-05-31 00:00:00+00:00
[2026-05-24T18:44:48.556+0000] {processor.py:183} INFO - Processing /opt/airflow/dags/demo-dag.py took 0.066 seconds
[2026-05-24T18:45:18.633+0000] {processor.py:161} INFO - Started process (PID=340) to work on /opt/airflow/dags/demo-dag.py
[2026-05-24T18:45:18.634+0000] {processor.py:830} INFO - Processing file /opt/airflow/dags/demo-dag.py for tasks to queue
[2026-05-24T18:45:18.634+0000] {logging_mixin.py:188} INFO - [2026-05-24T18:45:18.634+0000] {dagbag.py:538} INFO - Filling up the DagBag from /opt/airflow/dags/demo-dag.py
[2026-05-24T18:45:18.651+0000] {processor.py:840} INFO - DAG(s) 'demo_diplom_dag' retrieved from /opt/airflow/dags/demo-dag.py
[2026-05-24T18:45:18.670+0000] {logging_mixin.py:188} INFO - [2026-05-24T18:45:18.670+0000] {dag.py:3036} INFO - Sync 1 DAGs
[2026-05-24T18:45:18.686+0000] {logging_mixin.py:188} INFO - [2026-05-24T18:45:18.686+0000] {dag.py:3823} INFO - Setting next_dagrun for demo_diplom_dag to 2026-05-24 00:00:00+00:00, run_after=2026-05-31 00:00:00+00:00
[2026-05-24T18:45:18.698+0000] {processor.py:183} INFO - Processing /opt/airflow/dags/demo-dag.py took 0.068 seconds
[2026-05-24T18:45:52.281+0000] {processor.py:161} INFO - Started process (PID=208) to work on /opt/airflow/dags/demo-dag.py
[2026-05-24T18:45:52.282+0000] {processor.py:830} INFO - Processing file /opt/airflow/dags/demo-dag.py for tasks to queue
[2026-05-24T18:45:52.283+0000] {logging_mixin.py:188} INFO - [2026-05-24T18:45:52.283+0000] {dagbag.py:538} INFO - Filling up the DagBag from /opt/airflow/dags/demo-dag.py
[2026-05-24T18:45:52.301+0000] {processor.py:840} INFO - DAG(s) 'demo_diplom_dag' retrieved from /opt/airflow/dags/demo-dag.py
[2026-05-24T18:45:52.325+0000] {logging_mixin.py:188} INFO - [2026-05-24T18:45:52.325+0000] {dag.py:3036} INFO - Sync 1 DAGs
[2026-05-24T18:45:52.343+0000] {logging_mixin.py:188} INFO - [2026-05-24T18:45:52.343+0000] {dag.py:3823} INFO - Setting next_dagrun for demo_diplom_dag to 2026-05-24 00:00:00+00:00, run_after=2026-05-31 00:00:00+00:00
[2026-05-24T18:45:52.357+0000] {processor.py:183} INFO - Processing /opt/airflow/dags/demo-dag.py took 0.079 seconds
[2026-05-24T18:46:33.313+0000] {processor.py:161} INFO - Started process (PID=208) to work on /opt/airflow/dags/demo-dag.py
[2026-05-24T18:46:33.314+0000] {processor.py:830} INFO - Processing file /opt/airflow/dags/demo-dag.py for tasks to queue
[2026-05-24T18:46:33.315+0000] {logging_mixin.py:188} INFO - [2026-05-24T18:46:33.315+0000] {dagbag.py:538} INFO - Filling up the DagBag from /opt/airflow/dags/demo-dag.py
[2026-05-24T18:46:33.333+0000] {processor.py:840} INFO - DAG(s) 'demo_diplom_dag' retrieved from /opt/airflow/dags/demo-dag.py
[2026-05-24T18:46:33.357+0000] {logging_mixin.py:188} INFO - [2026-05-24T18:46:33.357+0000] {dag.py:3036} INFO - Sync 1 DAGs
[2026-05-24T18:46:33.373+0000] {logging_mixin.py:188} INFO - [2026-05-24T18:46:33.373+0000] {dag.py:3823} INFO - Setting next_dagrun for demo_diplom_dag to 2026-05-24 00:00:00+00:00, run_after=2026-05-31 00:00:00+00:00
[2026-05-24T18:46:33.387+0000] {processor.py:183} INFO - Processing /opt/airflow/dags/demo-dag.py took 0.076 seconds
[2026-05-24T18:47:03.466+0000] {processor.py:161} INFO - Started process (PID=230) to work on /opt/airflow/dags/demo-dag.py
[2026-05-24T18:47:03.467+0000] {processor.py:830} INFO - Processing file /opt/airflow/dags/demo-dag.py for tasks to queue
[2026-05-24T18:47:03.467+0000] {logging_mixin.py:188} INFO - [2026-05-24T18:47:03.467+0000] {dagbag.py:538} INFO - Filling up the DagBag from /opt/airflow/dags/demo-dag.py
[2026-05-24T18:47:03.486+0000] {processor.py:840} INFO - DAG(s) 'demo_diplom_dag' retrieved from /opt/airflow/dags/demo-dag.py
[2026-05-24T18:47:03.561+0000] {logging_mixin.py:188} INFO - [2026-05-24T18:47:03.561+0000] {dag.py:3036} INFO - Sync 1 DAGs
[2026-05-24T18:47:03.576+0000] {logging_mixin.py:188} INFO - [2026-05-24T18:47:03.576+0000] {dag.py:3823} INFO - Setting next_dagrun for demo_diplom_dag to 2026-05-24 00:00:00+00:00, run_after=2026-05-31 00:00:00+00:00
[2026-05-24T18:47:03.588+0000] {processor.py:183} INFO - Processing /opt/airflow/dags/demo-dag.py took 0.126 seconds
[2026-05-24T18:47:33.711+0000] {processor.py:161} INFO - Started process (PID=235) to work on /opt/airflow/dags/demo-dag.py
[2026-05-24T18:47:33.712+0000] {processor.py:830} INFO - Processing file /opt/airflow/dags/demo-dag.py for tasks to queue
[2026-05-24T18:47:33.712+0000] {logging_mixin.py:188} INFO - [2026-05-24T18:47:33.712+0000] {dagbag.py:538} INFO - Filling up the DagBag from /opt/airflow/dags/demo-dag.py
[2026-05-24T18:47:33.731+0000] {processor.py:840} INFO - DAG(s) 'demo_diplom_dag' retrieved from /opt/airflow/dags/demo-dag.py
[2026-05-24T18:47:33.754+0000] {logging_mixin.py:188} INFO - [2026-05-24T18:47:33.754+0000] {dag.py:3036} INFO - Sync 1 DAGs
[2026-05-24T18:47:33.771+0000] {logging_mixin.py:188} INFO - [2026-05-24T18:47:33.771+0000] {dag.py:3823} INFO - Setting next_dagrun for demo_diplom_dag to 2026-05-24 00:00:00+00:00, run_after=2026-05-31 00:00:00+00:00
[2026-05-24T18:47:33.783+0000] {processor.py:183} INFO - Processing /opt/airflow/dags/demo-dag.py took 0.076 seconds
[2026-05-24T18:48:03.825+0000] {processor.py:161} INFO - Started process (PID=240) to work on /opt/airflow/dags/demo-dag.py
[2026-05-24T18:48:03.826+0000] {processor.py:830} INFO - Processing file /opt/airflow/dags/demo-dag.py for tasks to queue
[2026-05-24T18:48:03.827+0000] {logging_mixin.py:188} INFO - [2026-05-24T18:48:03.827+0000] {dagbag.py:538} INFO - Filling up the DagBag from /opt/airflow/dags/demo-dag.py
[2026-05-24T18:48:03.842+0000] {processor.py:840} INFO - DAG(s) 'demo_diplom_dag' retrieved from /opt/airflow/dags/demo-dag.py
[2026-05-24T18:48:03.861+0000] {logging_mixin.py:188} INFO - [2026-05-24T18:48:03.861+0000] {dag.py:3036} INFO - Sync 1 DAGs
[2026-05-24T18:48:03.875+0000] {logging_mixin.py:188} INFO - [2026-05-24T18:48:03.875+0000] {dag.py:3823} INFO - Setting next_dagrun for demo_diplom_dag to 2026-05-24 00:00:00+00:00, run_after=2026-05-31 00:00:00+00:00
[2026-05-24T18:48:03.886+0000] {processor.py:183} INFO - Processing /opt/airflow/dags/demo-dag.py took 0.063 seconds
[2026-05-24T18:48:34.017+0000] {processor.py:161} INFO - Started process (PID=245) to work on /opt/airflow/dags/demo-dag.py
[2026-05-24T18:48:34.018+0000] {processor.py:830} INFO - Processing file /opt/airflow/dags/demo-dag.py for tasks to queue
[2026-05-24T18:48:34.019+0000] {logging_mixin.py:188} INFO - [2026-05-24T18:48:34.019+0000] {dagbag.py:538} INFO - Filling up the DagBag from /opt/airflow/dags/demo-dag.py
[2026-05-24T18:48:34.038+0000] {processor.py:840} INFO - DAG(s) 'demo_diplom_dag' retrieved from /opt/airflow/dags/demo-dag.py
[2026-05-24T18:48:34.060+0000] {logging_mixin.py:188} INFO - [2026-05-24T18:48:34.060+0000] {dag.py:3036} INFO - Sync 1 DAGs
[2026-05-24T18:48:34.076+0000] {logging_mixin.py:188} INFO - [2026-05-24T18:48:34.076+0000] {dag.py:3823} INFO - Setting next_dagrun for demo_diplom_dag to 2026-05-24 00:00:00+00:00, run_after=2026-05-31 00:00:00+00:00
[2026-05-24T18:48:34.089+0000] {processor.py:183} INFO - Processing /opt/airflow/dags/demo-dag.py took 0.074 seconds
[2026-05-24T18:49:04.146+0000] {processor.py:161} INFO - Started process (PID=250) to work on /opt/airflow/dags/demo-dag.py
[2026-05-24T18:49:04.146+0000] {processor.py:830} INFO - Processing file /opt/airflow/dags/demo-dag.py for tasks to queue
[2026-05-24T18:49:04.147+0000] {logging_mixin.py:188} INFO - [2026-05-24T18:49:04.147+0000] {dagbag.py:538} INFO - Filling up the DagBag from /opt/airflow/dags/demo-dag.py
[2026-05-24T18:49:04.166+0000] {processor.py:840} INFO - DAG(s) 'demo_diplom_dag' retrieved from /opt/airflow/dags/demo-dag.py
[2026-05-24T18:49:04.191+0000] {logging_mixin.py:188} INFO - [2026-05-24T18:49:04.191+0000] {dag.py:3036} INFO - Sync 1 DAGs
[2026-05-24T18:49:04.207+0000] {logging_mixin.py:188} INFO - [2026-05-24T18:49:04.207+0000] {dag.py:3823} INFO - Setting next_dagrun for demo_diplom_dag to 2026-05-24 00:00:00+00:00, run_after=2026-05-31 00:00:00+00:00
[2026-05-24T18:49:04.219+0000] {processor.py:183} INFO - Processing /opt/airflow/dags/demo-dag.py took 0.077 seconds
[2026-05-24T18:49:34.317+0000] {processor.py:161} INFO - Started process (PID=255) to work on /opt/airflow/dags/demo-dag.py
[2026-05-24T18:49:34.318+0000] {processor.py:830} INFO - Processing file /opt/airflow/dags/demo-dag.py for tasks to queue
[2026-05-24T18:49:34.319+0000] {logging_mixin.py:188} INFO - [2026-05-24T18:49:34.319+0000] {dagbag.py:538} INFO - Filling up the DagBag from /opt/airflow/dags/demo-dag.py
[2026-05-24T18:49:34.340+0000] {processor.py:840} INFO - DAG(s) 'demo_diplom_dag' retrieved from /opt/airflow/dags/demo-dag.py
[2026-05-24T18:49:34.363+0000] {logging_mixin.py:188} INFO - [2026-05-24T18:49:34.362+0000] {dag.py:3036} INFO - Sync 1 DAGs
[2026-05-24T18:49:34.382+0000] {logging_mixin.py:188} INFO - [2026-05-24T18:49:34.382+0000] {dag.py:3823} INFO - Setting next_dagrun for demo_diplom_dag to 2026-05-24 00:00:00+00:00, run_after=2026-05-31 00:00:00+00:00
[2026-05-24T18:49:34.398+0000] {processor.py:183} INFO - Processing /opt/airflow/dags/demo-dag.py took 0.084 seconds
[2026-05-24T18:50:04.445+0000] {processor.py:161} INFO - Started process (PID=260) to work on /opt/airflow/dags/demo-dag.py
[2026-05-24T18:50:04.446+0000] {processor.py:830} INFO - Processing file /opt/airflow/dags/demo-dag.py for tasks to queue
[2026-05-24T18:50:04.447+0000] {logging_mixin.py:188} INFO - [2026-05-24T18:50:04.446+0000] {dagbag.py:538} INFO - Filling up the DagBag from /opt/airflow/dags/demo-dag.py
[2026-05-24T18:50:04.465+0000] {processor.py:840} INFO - DAG(s) 'demo_diplom_dag' retrieved from /opt/airflow/dags/demo-dag.py
[2026-05-24T18:50:04.492+0000] {logging_mixin.py:188} INFO - [2026-05-24T18:50:04.492+0000] {dag.py:3036} INFO - Sync 1 DAGs
[2026-05-24T18:50:04.512+0000] {logging_mixin.py:188} INFO - [2026-05-24T18:50:04.512+0000] {dag.py:3823} INFO - Setting next_dagrun for demo_diplom_dag to 2026-05-24 00:00:00+00:00, run_after=2026-05-31 00:00:00+00:00
[2026-05-24T18:50:04.528+0000] {processor.py:183} INFO - Processing /opt/airflow/dags/demo-dag.py took 0.086 seconds
[2026-05-24T18:50:34.626+0000] {processor.py:161} INFO - Started process (PID=265) to work on /opt/airflow/dags/demo-dag.py
[2026-05-24T18:50:34.626+0000] {processor.py:830} INFO - Processing file /opt/airflow/dags/demo-dag.py for tasks to queue
[2026-05-24T18:50:34.627+0000] {logging_mixin.py:188} INFO - [2026-05-24T18:50:34.627+0000] {dagbag.py:538} INFO - Filling up the DagBag from /opt/airflow/dags/demo-dag.py
[2026-05-24T18:50:34.645+0000] {processor.py:840} INFO - DAG(s) 'demo_diplom_dag' retrieved from /opt/airflow/dags/demo-dag.py
[2026-05-24T18:50:34.668+0000] {logging_mixin.py:188} INFO - [2026-05-24T18:50:34.667+0000] {dag.py:3036} INFO - Sync 1 DAGs
[2026-05-24T18:50:34.684+0000] {logging_mixin.py:188} INFO - [2026-05-24T18:50:34.684+0000] {dag.py:3823} INFO - Setting next_dagrun for demo_diplom_dag to 2026-05-24 00:00:00+00:00, run_after=2026-05-31 00:00:00+00:00
[2026-05-24T18:50:34.696+0000] {processor.py:183} INFO - Processing /opt/airflow/dags/demo-dag.py took 0.073 seconds
[2026-05-24T18:51:04.749+0000] {processor.py:161} INFO - Started process (PID=270) to work on /opt/airflow/dags/demo-dag.py
[2026-05-24T18:51:04.750+0000] {processor.py:830} INFO - Processing file /opt/airflow/dags/demo-dag.py for tasks to queue
[2026-05-24T18:51:04.750+0000] {logging_mixin.py:188} INFO - [2026-05-24T18:51:04.750+0000] {dagbag.py:538} INFO - Filling up the DagBag from /opt/airflow/dags/demo-dag.py
[2026-05-24T18:51:04.768+0000] {processor.py:840} INFO - DAG(s) 'demo_diplom_dag' retrieved from /opt/airflow/dags/demo-dag.py
[2026-05-24T18:51:04.790+0000] {logging_mixin.py:188} INFO - [2026-05-24T18:51:04.790+0000] {dag.py:3036} INFO - Sync 1 DAGs
[2026-05-24T18:51:04.807+0000] {logging_mixin.py:188} INFO - [2026-05-24T18:51:04.806+0000] {dag.py:3823} INFO - Setting next_dagrun for demo_diplom_dag to 2026-05-24 00:00:00+00:00, run_after=2026-05-31 00:00:00+00:00
[2026-05-24T18:51:04.819+0000] {processor.py:183} INFO - Processing /opt/airflow/dags/demo-dag.py took 0.073 seconds
[2026-05-24T18:51:42.737+0000] {processor.py:161} INFO - Started process (PID=208) to work on /opt/airflow/dags/demo-dag.py
[2026-05-24T18:51:42.739+0000] {processor.py:830} INFO - Processing file /opt/airflow/dags/demo-dag.py for tasks to queue
[2026-05-24T18:51:42.739+0000] {logging_mixin.py:188} INFO - [2026-05-24T18:51:42.739+0000] {dagbag.py:538} INFO - Filling up the DagBag from /opt/airflow/dags/demo-dag.py
[2026-05-24T18:51:42.757+0000] {processor.py:840} INFO - DAG(s) 'demo_diplom_dag' retrieved from /opt/airflow/dags/demo-dag.py
[2026-05-24T18:51:42.779+0000] {logging_mixin.py:188} INFO - [2026-05-24T18:51:42.779+0000] {dag.py:3036} INFO - Sync 1 DAGs
[2026-05-24T18:51:42.796+0000] {logging_mixin.py:188} INFO - [2026-05-24T18:51:42.796+0000] {dag.py:3823} INFO - Setting next_dagrun for demo_diplom_dag to 2026-05-24 00:00:00+00:00, run_after=2026-05-31 00:00:00+00:00
[2026-05-24T18:51:42.809+0000] {processor.py:183} INFO - Processing /opt/airflow/dags/demo-dag.py took 0.075 seconds
[2026-05-24T18:52:12.886+0000] {processor.py:161} INFO - Started process (PID=230) to work on /opt/airflow/dags/demo-dag.py
[2026-05-24T18:52:12.887+0000] {processor.py:830} INFO - Processing file /opt/airflow/dags/demo-dag.py for tasks to queue
[2026-05-24T18:52:12.888+0000] {logging_mixin.py:188} INFO - [2026-05-24T18:52:12.888+0000] {dagbag.py:538} INFO - Filling up the DagBag from /opt/airflow/dags/demo-dag.py
[2026-05-24T18:52:12.906+0000] {processor.py:840} INFO - DAG(s) 'demo_diplom_dag' retrieved from /opt/airflow/dags/demo-dag.py
[2026-05-24T18:52:12.982+0000] {logging_mixin.py:188} INFO - [2026-05-24T18:52:12.982+0000] {dag.py:3036} INFO - Sync 1 DAGs
[2026-05-24T18:52:12.997+0000] {logging_mixin.py:188} INFO - [2026-05-24T18:52:12.996+0000] {dag.py:3823} INFO - Setting next_dagrun for demo_diplom_dag to 2026-05-24 00:00:00+00:00, run_after=2026-05-31 00:00:00+00:00
[2026-05-24T18:52:13.009+0000] {processor.py:183} INFO - Processing /opt/airflow/dags/demo-dag.py took 0.126 seconds
[2026-05-24T18:52:43.046+0000] {processor.py:161} INFO - Started process (PID=235) to work on /opt/airflow/dags/demo-dag.py
[2026-05-24T18:52:43.047+0000] {processor.py:830} INFO - Processing file /opt/airflow/dags/demo-dag.py for tasks to queue
[2026-05-24T18:52:43.047+0000] {logging_mixin.py:188} INFO - [2026-05-24T18:52:43.047+0000] {dagbag.py:538} INFO - Filling up the DagBag from /opt/airflow/dags/demo-dag.py
[2026-05-24T18:52:43.067+0000] {processor.py:840} INFO - DAG(s) 'demo_diplom_dag' retrieved from /opt/airflow/dags/demo-dag.py
[2026-05-24T18:52:43.090+0000] {logging_mixin.py:188} INFO - [2026-05-24T18:52:43.090+0000] {dag.py:3036} INFO - Sync 1 DAGs
[2026-05-24T18:52:43.108+0000] {logging_mixin.py:188} INFO - [2026-05-24T18:52:43.108+0000] {dag.py:3823} INFO - Setting next_dagrun for demo_diplom_dag to 2026-05-24 00:00:00+00:00, run_after=2026-05-31 00:00:00+00:00
[2026-05-24T18:52:43.121+0000] {processor.py:183} INFO - Processing /opt/airflow/dags/demo-dag.py took 0.077 seconds
[2026-05-24T18:56:54.290+0000] {processor.py:161} INFO - Started process (PID=208) to work on /opt/airflow/dags/demo-dag.py
[2026-05-24T18:56:54.291+0000] {processor.py:830} INFO - Processing file /opt/airflow/dags/demo-dag.py for tasks to queue
[2026-05-24T18:56:54.292+0000] {logging_mixin.py:188} INFO - [2026-05-24T18:56:54.292+0000] {dagbag.py:538} INFO - Filling up the DagBag from /opt/airflow/dags/demo-dag.py
[2026-05-24T18:56:54.310+0000] {processor.py:840} INFO - DAG(s) 'demo_diplom_dag' retrieved from /opt/airflow/dags/demo-dag.py
[2026-05-24T18:56:54.401+0000] {logging_mixin.py:188} INFO - [2026-05-24T18:56:54.401+0000] {override.py:1769} INFO - Created Permission View: can edit on DAG:demo_diplom_dag
[2026-05-24T18:56:54.408+0000] {logging_mixin.py:188} INFO - [2026-05-24T18:56:54.407+0000] {override.py:1769} INFO - Created Permission View: can delete on DAG:demo_diplom_dag
[2026-05-24T18:56:54.412+0000] {logging_mixin.py:188} INFO - [2026-05-24T18:56:54.412+0000] {override.py:1769} INFO - Created Permission View: can read on DAG:demo_diplom_dag
[2026-05-24T18:56:54.412+0000] {logging_mixin.py:188} INFO - [2026-05-24T18:56:54.412+0000] {dag.py:3036} INFO - Sync 1 DAGs
[2026-05-24T18:56:54.420+0000] {logging_mixin.py:188} INFO - [2026-05-24T18:56:54.420+0000] {dag.py:3058} INFO - Creating ORM DAG for demo_diplom_dag
[2026-05-24T18:56:54.426+0000] {logging_mixin.py:188} INFO - [2026-05-24T18:56:54.426+0000] {dag.py:3823} INFO - Setting next_dagrun for demo_diplom_dag to 2026-05-17 00:00:00+00:00, run_after=2026-05-24 00:00:00+00:00
[2026-05-24T18:56:54.439+0000] {processor.py:183} INFO - Processing /opt/airflow/dags/demo-dag.py took 0.152 seconds
[2026-05-24T18:57:24.556+0000] {processor.py:161} INFO - Started process (PID=230) to work on /opt/airflow/dags/demo-dag.py
[2026-05-24T18:57:24.558+0000] {processor.py:830} INFO - Processing file /opt/airflow/dags/demo-dag.py for tasks to queue
[2026-05-24T18:57:24.558+0000] {logging_mixin.py:188} INFO - [2026-05-24T18:57:24.558+0000] {dagbag.py:538} INFO - Filling up the DagBag from /opt/airflow/dags/demo-dag.py
[2026-05-24T18:57:24.577+0000] {processor.py:840} INFO - DAG(s) 'demo_diplom_dag' retrieved from /opt/airflow/dags/demo-dag.py
[2026-05-24T18:57:24.601+0000] {logging_mixin.py:188} INFO - [2026-05-24T18:57:24.601+0000] {dag.py:3036} INFO - Sync 1 DAGs
[2026-05-24T18:57:24.617+0000] {logging_mixin.py:188} INFO - [2026-05-24T18:57:24.617+0000] {dag.py:3823} INFO - Setting next_dagrun for demo_diplom_dag to 2026-05-17 00:00:00+00:00, run_after=2026-05-24 00:00:00+00:00
[2026-05-24T18:57:24.630+0000] {processor.py:183} INFO - Processing /opt/airflow/dags/demo-dag.py took 0.077 seconds
[2026-05-24T18:57:54.677+0000] {processor.py:161} INFO - Started process (PID=235) to work on /opt/airflow/dags/demo-dag.py
[2026-05-24T18:57:54.678+0000] {processor.py:830} INFO - Processing file /opt/airflow/dags/demo-dag.py for tasks to queue
[2026-05-24T18:57:54.679+0000] {logging_mixin.py:188} INFO - [2026-05-24T18:57:54.679+0000] {dagbag.py:538} INFO - Filling up the DagBag from /opt/airflow/dags/demo-dag.py
[2026-05-24T18:57:54.697+0000] {processor.py:840} INFO - DAG(s) 'demo_diplom_dag' retrieved from /opt/airflow/dags/demo-dag.py
[2026-05-24T18:57:54.722+0000] {logging_mixin.py:188} INFO - [2026-05-24T18:57:54.722+0000] {dag.py:3036} INFO - Sync 1 DAGs
[2026-05-24T18:57:54.738+0000] {logging_mixin.py:188} INFO - [2026-05-24T18:57:54.738+0000] {dag.py:3823} INFO - Setting next_dagrun for demo_diplom_dag to 2026-05-17 00:00:00+00:00, run_after=2026-05-24 00:00:00+00:00
[2026-05-24T18:57:54.750+0000] {processor.py:183} INFO - Processing /opt/airflow/dags/demo-dag.py took 0.076 seconds
[2026-05-24T18:58:24.858+0000] {processor.py:161} INFO - Started process (PID=240) to work on /opt/airflow/dags/demo-dag.py
[2026-05-24T18:58:24.867+0000] {processor.py:830} INFO - Processing file /opt/airflow/dags/demo-dag.py for tasks to queue
[2026-05-24T18:58:24.867+0000] {logging_mixin.py:188} INFO - [2026-05-24T18:58:24.867+0000] {dagbag.py:538} INFO - Filling up the DagBag from /opt/airflow/dags/demo-dag.py
[2026-05-24T18:58:24.886+0000] {processor.py:840} INFO - DAG(s) 'demo_diplom_dag' retrieved from /opt/airflow/dags/demo-dag.py
[2026-05-24T18:58:24.907+0000] {logging_mixin.py:188} INFO - [2026-05-24T18:58:24.907+0000] {dag.py:3036} INFO - Sync 1 DAGs
[2026-05-24T18:58:24.925+0000] {logging_mixin.py:188} INFO - [2026-05-24T18:58:24.925+0000] {dag.py:3823} INFO - Setting next_dagrun for demo_diplom_dag to 2026-05-17 00:00:00+00:00, run_after=2026-05-24 00:00:00+00:00
[2026-05-24T18:58:24.937+0000] {processor.py:183} INFO - Processing /opt/airflow/dags/demo-dag.py took 0.082 seconds
[2026-05-24T18:58:54.983+0000] {processor.py:161} INFO - Started process (PID=245) to work on /opt/airflow/dags/demo-dag.py
[2026-05-24T18:58:54.984+0000] {processor.py:830} INFO - Processing file /opt/airflow/dags/demo-dag.py for tasks to queue
[2026-05-24T18:58:54.985+0000] {logging_mixin.py:188} INFO - [2026-05-24T18:58:54.984+0000] {dagbag.py:538} INFO - Filling up the DagBag from /opt/airflow/dags/demo-dag.py
[2026-05-24T18:58:55.004+0000] {processor.py:840} INFO - DAG(s) 'demo_diplom_dag' retrieved from /opt/airflow/dags/demo-dag.py
[2026-05-24T18:58:55.027+0000] {logging_mixin.py:188} INFO - [2026-05-24T18:58:55.027+0000] {dag.py:3036} INFO - Sync 1 DAGs
[2026-05-24T18:58:55.042+0000] {logging_mixin.py:188} INFO - [2026-05-24T18:58:55.042+0000] {dag.py:3823} INFO - Setting next_dagrun for demo_diplom_dag to 2026-05-17 00:00:00+00:00, run_after=2026-05-24 00:00:00+00:00
[2026-05-24T18:58:55.054+0000] {processor.py:183} INFO - Processing /opt/airflow/dags/demo-dag.py took 0.073 seconds
[2026-05-24T18:59:25.158+0000] {processor.py:161} INFO - Started process (PID=250) to work on /opt/airflow/dags/demo-dag.py
[2026-05-24T18:59:25.159+0000] {processor.py:830} INFO - Processing file /opt/airflow/dags/demo-dag.py for tasks to queue
[2026-05-24T18:59:25.160+0000] {logging_mixin.py:188} INFO - [2026-05-24T18:59:25.160+0000] {dagbag.py:538} INFO - Filling up the DagBag from /opt/airflow/dags/demo-dag.py
[2026-05-24T18:59:25.178+0000] {processor.py:840} INFO - DAG(s) 'demo_diplom_dag' retrieved from /opt/airflow/dags/demo-dag.py
[2026-05-24T18:59:25.200+0000] {logging_mixin.py:188} INFO - [2026-05-24T18:59:25.200+0000] {dag.py:3036} INFO - Sync 1 DAGs
[2026-05-24T18:59:25.216+0000] {logging_mixin.py:188} INFO - [2026-05-24T18:59:25.215+0000] {dag.py:3823} INFO - Setting next_dagrun for demo_diplom_dag to 2026-05-17 00:00:00+00:00, run_after=2026-05-24 00:00:00+00:00
[2026-05-24T18:59:25.228+0000] {processor.py:183} INFO - Processing /opt/airflow/dags/demo-dag.py took 0.072 seconds
[2026-05-24T18:59:55.288+0000] {processor.py:161} INFO - Started process (PID=255) to work on /opt/airflow/dags/demo-dag.py
[2026-05-24T18:59:55.289+0000] {processor.py:830} INFO - Processing file /opt/airflow/dags/demo-dag.py for tasks to queue
[2026-05-24T18:59:55.290+0000] {logging_mixin.py:188} INFO - [2026-05-24T18:59:55.289+0000] {dagbag.py:538} INFO - Filling up the DagBag from /opt/airflow/dags/demo-dag.py
[2026-05-24T18:59:55.313+0000] {processor.py:840} INFO - DAG(s) 'demo_diplom_dag' retrieved from /opt/airflow/dags/demo-dag.py
[2026-05-24T18:59:55.337+0000] {logging_mixin.py:188} INFO - [2026-05-24T18:59:55.337+0000] {dag.py:3036} INFO - Sync 1 DAGs
[2026-05-24T18:59:55.357+0000] {logging_mixin.py:188} INFO - [2026-05-24T18:59:55.357+0000] {dag.py:3823} INFO - Setting next_dagrun for demo_diplom_dag to 2026-05-17 00:00:00+00:00, run_after=2026-05-24 00:00:00+00:00
[2026-05-24T18:59:55.378+0000] {processor.py:183} INFO - Processing /opt/airflow/dags/demo-dag.py took 0.093 seconds
[2026-05-24T19:00:25.446+0000] {processor.py:161} INFO - Started process (PID=260) to work on /opt/airflow/dags/demo-dag.py
[2026-05-24T19:00:25.447+0000] {processor.py:830} INFO - Processing file /opt/airflow/dags/demo-dag.py for tasks to queue
[2026-05-24T19:00:25.448+0000] {logging_mixin.py:188} INFO - [2026-05-24T19:00:25.447+0000] {dagbag.py:538} INFO - Filling up the DagBag from /opt/airflow/dags/demo-dag.py
[2026-05-24T19:00:25.466+0000] {processor.py:840} INFO - DAG(s) 'demo_diplom_dag' retrieved from /opt/airflow/dags/demo-dag.py
[2026-05-24T19:00:25.490+0000] {logging_mixin.py:188} INFO - [2026-05-24T19:00:25.489+0000] {dag.py:3036} INFO - Sync 1 DAGs
[2026-05-24T19:00:25.506+0000] {logging_mixin.py:188} INFO - [2026-05-24T19:00:25.506+0000] {dag.py:3823} INFO - Setting next_dagrun for demo_diplom_dag to 2026-05-17 00:00:00+00:00, run_after=2026-05-24 00:00:00+00:00
[2026-05-24T19:00:25.519+0000] {processor.py:183} INFO - Processing /opt/airflow/dags/demo-dag.py took 0.076 seconds
[2026-05-24T19:00:55.611+0000] {processor.py:161} INFO - Started process (PID=265) to work on /opt/airflow/dags/demo-dag.py
[2026-05-24T19:00:55.612+0000] {processor.py:830} INFO - Processing file /opt/airflow/dags/demo-dag.py for tasks to queue
[2026-05-24T19:00:55.612+0000] {logging_mixin.py:188} INFO - [2026-05-24T19:00:55.612+0000] {dagbag.py:538} INFO - Filling up the DagBag from /opt/airflow/dags/demo-dag.py
[2026-05-24T19:00:55.631+0000] {processor.py:840} INFO - DAG(s) 'demo_diplom_dag' retrieved from /opt/airflow/dags/demo-dag.py
[2026-05-24T19:00:55.654+0000] {logging_mixin.py:188} INFO - [2026-05-24T19:00:55.654+0000] {dag.py:3036} INFO - Sync 1 DAGs
[2026-05-24T19:00:55.671+0000] {logging_mixin.py:188} INFO - [2026-05-24T19:00:55.670+0000] {dag.py:3823} INFO - Setting next_dagrun for demo_diplom_dag to 2026-05-17 00:00:00+00:00, run_after=2026-05-24 00:00:00+00:00
[2026-05-24T19:00:55.683+0000] {processor.py:183} INFO - Processing /opt/airflow/dags/demo-dag.py took 0.075 seconds
[2026-05-24T19:01:25.737+0000] {processor.py:161} INFO - Started process (PID=270) to work on /opt/airflow/dags/demo-dag.py
[2026-05-24T19:01:25.738+0000] {processor.py:830} INFO - Processing file /opt/airflow/dags/demo-dag.py for tasks to queue
[2026-05-24T19:01:25.739+0000] {logging_mixin.py:188} INFO - [2026-05-24T19:01:25.739+0000] {dagbag.py:538} INFO - Filling up the DagBag from /opt/airflow/dags/demo-dag.py
[2026-05-24T19:01:25.766+0000] {processor.py:840} INFO - DAG(s) 'demo_diplom_dag' retrieved from /opt/airflow/dags/demo-dag.py
[2026-05-24T19:01:25.793+0000] {logging_mixin.py:188} INFO - [2026-05-24T19:01:25.792+0000] {dag.py:3036} INFO - Sync 1 DAGs
[2026-05-24T19:01:25.810+0000] {logging_mixin.py:188} INFO - [2026-05-24T19:01:25.810+0000] {dag.py:3823} INFO - Setting next_dagrun for demo_diplom_dag to 2026-05-17 00:00:00+00:00, run_after=2026-05-24 00:00:00+00:00
[2026-05-24T19:01:25.823+0000] {processor.py:183} INFO - Processing /opt/airflow/dags/demo-dag.py took 0.089 seconds
[2026-05-24T19:01:55.920+0000] {processor.py:161} INFO - Started process (PID=275) to work on /opt/airflow/dags/demo-dag.py
[2026-05-24T19:01:55.920+0000] {processor.py:830} INFO - Processing file /opt/airflow/dags/demo-dag.py for tasks to queue
[2026-05-24T19:01:55.921+0000] {logging_mixin.py:188} INFO - [2026-05-24T19:01:55.921+0000] {dagbag.py:538} INFO - Filling up the DagBag from /opt/airflow/dags/demo-dag.py
[2026-05-24T19:01:55.940+0000] {processor.py:840} INFO - DAG(s) 'demo_diplom_dag' retrieved from /opt/airflow/dags/demo-dag.py
[2026-05-24T19:01:55.966+0000] {logging_mixin.py:188} INFO - [2026-05-24T19:01:55.966+0000] {dag.py:3036} INFO - Sync 1 DAGs
[2026-05-24T19:01:55.983+0000] {logging_mixin.py:188} INFO - [2026-05-24T19:01:55.983+0000] {dag.py:3823} INFO - Setting next_dagrun for demo_diplom_dag to 2026-05-17 00:00:00+00:00, run_after=2026-05-24 00:00:00+00:00
[2026-05-24T19:01:55.997+0000] {processor.py:183} INFO - Processing /opt/airflow/dags/demo-dag.py took 0.079 seconds
[2026-05-24T19:02:26.038+0000] {processor.py:161} INFO - Started process (PID=280) to work on /opt/airflow/dags/demo-dag.py
[2026-05-24T19:02:26.039+0000] {processor.py:830} INFO - Processing file /opt/airflow/dags/demo-dag.py for tasks to queue
[2026-05-24T19:02:26.039+0000] {logging_mixin.py:188} INFO - [2026-05-24T19:02:26.039+0000] {dagbag.py:538} INFO - Filling up the DagBag from /opt/airflow/dags/demo-dag.py
[2026-05-24T19:02:26.058+0000] {processor.py:840} INFO - DAG(s) 'demo_diplom_dag' retrieved from /opt/airflow/dags/demo-dag.py
[2026-05-24T19:02:26.083+0000] {logging_mixin.py:188} INFO - [2026-05-24T19:02:26.083+0000] {dag.py:3036} INFO - Sync 1 DAGs
[2026-05-24T19:02:26.101+0000] {logging_mixin.py:188} INFO - [2026-05-24T19:02:26.100+0000] {dag.py:3823} INFO - Setting next_dagrun for demo_diplom_dag to 2026-05-17 00:00:00+00:00, run_after=2026-05-24 00:00:00+00:00
[2026-05-24T19:02:26.114+0000] {processor.py:183} INFO - Processing /opt/airflow/dags/demo-dag.py took 0.078 seconds
[2026-05-24T19:02:56.218+0000] {processor.py:161} INFO - Started process (PID=285) to work on /opt/airflow/dags/demo-dag.py
[2026-05-24T19:02:56.218+0000] {processor.py:830} INFO - Processing file /opt/airflow/dags/demo-dag.py for tasks to queue
[2026-05-24T19:02:56.219+0000] {logging_mixin.py:188} INFO - [2026-05-24T19:02:56.219+0000] {dagbag.py:538} INFO - Filling up the DagBag from /opt/airflow/dags/demo-dag.py
[2026-05-24T19:02:56.236+0000] {processor.py:840} INFO - DAG(s) 'demo_diplom_dag' retrieved from /opt/airflow/dags/demo-dag.py
[2026-05-24T19:02:56.258+0000] {logging_mixin.py:188} INFO - [2026-05-24T19:02:56.258+0000] {dag.py:3036} INFO - Sync 1 DAGs
[2026-05-24T19:02:56.273+0000] {logging_mixin.py:188} INFO - [2026-05-24T19:02:56.273+0000] {dag.py:3823} INFO - Setting next_dagrun for demo_diplom_dag to 2026-05-17 00:00:00+00:00, run_after=2026-05-24 00:00:00+00:00
[2026-05-24T19:02:56.285+0000] {processor.py:183} INFO - Processing /opt/airflow/dags/demo-dag.py took 0.069 seconds
[2026-05-24T19:03:26.352+0000] {processor.py:161} INFO - Started process (PID=291) to work on /opt/airflow/dags/demo-dag.py
[2026-05-24T19:03:26.353+0000] {processor.py:830} INFO - Processing file /opt/airflow/dags/demo-dag.py for tasks to queue
[2026-05-24T19:03:26.353+0000] {logging_mixin.py:188} INFO - [2026-05-24T19:03:26.353+0000] {dagbag.py:538} INFO - Filling up the DagBag from /opt/airflow/dags/demo-dag.py
[2026-05-24T19:03:26.371+0000] {processor.py:840} INFO - DAG(s) 'demo_diplom_dag' retrieved from /opt/airflow/dags/demo-dag.py
[2026-05-24T19:03:26.394+0000] {logging_mixin.py:188} INFO - [2026-05-24T19:03:26.394+0000] {dag.py:3036} INFO - Sync 1 DAGs
[2026-05-24T19:03:26.410+0000] {logging_mixin.py:188} INFO - [2026-05-24T19:03:26.410+0000] {dag.py:3823} INFO - Setting next_dagrun for demo_diplom_dag to 2026-05-17 00:00:00+00:00, run_after=2026-05-24 00:00:00+00:00
[2026-05-24T19:03:26.423+0000] {processor.py:183} INFO - Processing /opt/airflow/dags/demo-dag.py took 0.074 seconds
[2026-05-24T19:03:56.498+0000] {processor.py:161} INFO - Started process (PID=297) to work on /opt/airflow/dags/demo-dag.py
[2026-05-24T19:03:56.499+0000] {processor.py:830} INFO - Processing file /opt/airflow/dags/demo-dag.py for tasks to queue
[2026-05-24T19:03:56.499+0000] {logging_mixin.py:188} INFO - [2026-05-24T19:03:56.499+0000] {dagbag.py:538} INFO - Filling up the DagBag from /opt/airflow/dags/demo-dag.py
[2026-05-24T19:03:56.519+0000] {processor.py:840} INFO - DAG(s) 'demo_diplom_dag' retrieved from /opt/airflow/dags/demo-dag.py
[2026-05-24T19:03:56.540+0000] {logging_mixin.py:188} INFO - [2026-05-24T19:03:56.540+0000] {dag.py:3036} INFO - Sync 1 DAGs
[2026-05-24T19:03:56.558+0000] {logging_mixin.py:188} INFO - [2026-05-24T19:03:56.557+0000] {dag.py:3823} INFO - Setting next_dagrun for demo_diplom_dag to 2026-05-17 00:00:00+00:00, run_after=2026-05-24 00:00:00+00:00
[2026-05-24T19:03:56.571+0000] {processor.py:183} INFO - Processing /opt/airflow/dags/demo-dag.py took 0.076 seconds
[2026-05-24T19:04:26.634+0000] {processor.py:161} INFO - Started process (PID=303) to work on /opt/airflow/dags/demo-dag.py
[2026-05-24T19:04:26.635+0000] {processor.py:830} INFO - Processing file /opt/airflow/dags/demo-dag.py for tasks to queue
[2026-05-24T19:04:26.636+0000] {logging_mixin.py:188} INFO - [2026-05-24T19:04:26.636+0000] {dagbag.py:538} INFO - Filling up the DagBag from /opt/airflow/dags/demo-dag.py
[2026-05-24T19:04:26.656+0000] {processor.py:840} INFO - DAG(s) 'demo_diplom_dag' retrieved from /opt/airflow/dags/demo-dag.py
[2026-05-24T19:04:26.679+0000] {logging_mixin.py:188} INFO - [2026-05-24T19:04:26.679+0000] {dag.py:3036} INFO - Sync 1 DAGs
[2026-05-24T19:04:26.696+0000] {logging_mixin.py:188} INFO - [2026-05-24T19:04:26.696+0000] {dag.py:3823} INFO - Setting next_dagrun for demo_diplom_dag to 2026-05-24 00:00:00+00:00, run_after=2026-05-31 00:00:00+00:00
[2026-05-24T19:04:26.709+0000] {processor.py:183} INFO - Processing /opt/airflow/dags/demo-dag.py took 0.079 seconds
[2026-05-24T19:04:56.796+0000] {processor.py:161} INFO - Started process (PID=308) to work on /opt/airflow/dags/demo-dag.py
[2026-05-24T19:04:56.797+0000] {processor.py:830} INFO - Processing file /opt/airflow/dags/demo-dag.py for tasks to queue
[2026-05-24T19:04:56.798+0000] {logging_mixin.py:188} INFO - [2026-05-24T19:04:56.797+0000] {dagbag.py:538} INFO - Filling up the DagBag from /opt/airflow/dags/demo-dag.py
[2026-05-24T19:04:56.817+0000] {processor.py:840} INFO - DAG(s) 'demo_diplom_dag' retrieved from /opt/airflow/dags/demo-dag.py
[2026-05-24T19:04:56.843+0000] {logging_mixin.py:188} INFO - [2026-05-24T19:04:56.843+0000] {dag.py:3036} INFO - Sync 1 DAGs
[2026-05-24T19:04:56.863+0000] {logging_mixin.py:188} INFO - [2026-05-24T19:04:56.863+0000] {dag.py:3823} INFO - Setting next_dagrun for demo_diplom_dag to 2026-05-24 00:00:00+00:00, run_after=2026-05-31 00:00:00+00:00
[2026-05-24T19:04:56.877+0000] {processor.py:183} INFO - Processing /opt/airflow/dags/demo-dag.py took 0.083 seconds
[2026-05-24T19:05:26.926+0000] {processor.py:161} INFO - Started process (PID=313) to work on /opt/airflow/dags/demo-dag.py
[2026-05-24T19:05:26.927+0000] {processor.py:830} INFO - Processing file /opt/airflow/dags/demo-dag.py for tasks to queue
[2026-05-24T19:05:26.928+0000] {logging_mixin.py:188} INFO - [2026-05-24T19:05:26.927+0000] {dagbag.py:538} INFO - Filling up the DagBag from /opt/airflow/dags/demo-dag.py
[2026-05-24T19:05:26.946+0000] {processor.py:840} INFO - DAG(s) 'demo_diplom_dag' retrieved from /opt/airflow/dags/demo-dag.py
[2026-05-24T19:05:26.969+0000] {logging_mixin.py:188} INFO - [2026-05-24T19:05:26.968+0000] {dag.py:3036} INFO - Sync 1 DAGs
[2026-05-24T19:05:26.985+0000] {logging_mixin.py:188} INFO - [2026-05-24T19:05:26.985+0000] {dag.py:3823} INFO - Setting next_dagrun for demo_diplom_dag to 2026-05-24 00:00:00+00:00, run_after=2026-05-31 00:00:00+00:00
[2026-05-24T19:05:26.999+0000] {processor.py:183} INFO - Processing /opt/airflow/dags/demo-dag.py took 0.076 seconds
[2026-05-24T19:05:57.105+0000] {processor.py:161} INFO - Started process (PID=318) to work on /opt/airflow/dags/demo-dag.py
[2026-05-24T19:05:57.106+0000] {processor.py:830} INFO - Processing file /opt/airflow/dags/demo-dag.py for tasks to queue
[2026-05-24T19:05:57.107+0000] {logging_mixin.py:188} INFO - [2026-05-24T19:05:57.107+0000] {dagbag.py:538} INFO - Filling up the DagBag from /opt/airflow/dags/demo-dag.py
[2026-05-24T19:05:57.125+0000] {processor.py:840} INFO - DAG(s) 'demo_diplom_dag' retrieved from /opt/airflow/dags/demo-dag.py
[2026-05-24T19:05:57.148+0000] {logging_mixin.py:188} INFO - [2026-05-24T19:05:57.148+0000] {dag.py:3036} INFO - Sync 1 DAGs
[2026-05-24T19:05:57.165+0000] {logging_mixin.py:188} INFO - [2026-05-24T19:05:57.165+0000] {dag.py:3823} INFO - Setting next_dagrun for demo_diplom_dag to 2026-05-24 00:00:00+00:00, run_after=2026-05-31 00:00:00+00:00
[2026-05-24T19:05:57.179+0000] {processor.py:183} INFO - Processing /opt/airflow/dags/demo-dag.py took 0.076 seconds
[2026-05-24T19:06:27.231+0000] {processor.py:161} INFO - Started process (PID=323) to work on /opt/airflow/dags/demo-dag.py
[2026-05-24T19:06:27.231+0000] {processor.py:830} INFO - Processing file /opt/airflow/dags/demo-dag.py for tasks to queue
[2026-05-24T19:06:27.232+0000] {logging_mixin.py:188} INFO - [2026-05-24T19:06:27.232+0000] {dagbag.py:538} INFO - Filling up the DagBag from /opt/airflow/dags/demo-dag.py
[2026-05-24T19:06:27.251+0000] {processor.py:840} INFO - DAG(s) 'demo_diplom_dag' retrieved from /opt/airflow/dags/demo-dag.py
[2026-05-24T19:06:27.276+0000] {logging_mixin.py:188} INFO - [2026-05-24T19:06:27.276+0000] {dag.py:3036} INFO - Sync 1 DAGs
[2026-05-24T19:06:27.293+0000] {logging_mixin.py:188} INFO - [2026-05-24T19:06:27.293+0000] {dag.py:3823} INFO - Setting next_dagrun for demo_diplom_dag to 2026-05-24 00:00:00+00:00, run_after=2026-05-31 00:00:00+00:00
[2026-05-24T19:06:27.305+0000] {processor.py:183} INFO - Processing /opt/airflow/dags/demo-dag.py took 0.077 seconds
[2026-05-24T19:06:57.421+0000] {processor.py:161} INFO - Started process (PID=328) to work on /opt/airflow/dags/demo-dag.py
[2026-05-24T19:06:57.422+0000] {processor.py:830} INFO - Processing file /opt/airflow/dags/demo-dag.py for tasks to queue
[2026-05-24T19:06:57.422+0000] {logging_mixin.py:188} INFO - [2026-05-24T19:06:57.422+0000] {dagbag.py:538} INFO - Filling up the DagBag from /opt/airflow/dags/demo-dag.py
[2026-05-24T19:06:57.441+0000] {processor.py:840} INFO - DAG(s) 'demo_diplom_dag' retrieved from /opt/airflow/dags/demo-dag.py
[2026-05-24T19:06:57.463+0000] {logging_mixin.py:188} INFO - [2026-05-24T19:06:57.463+0000] {dag.py:3036} INFO - Sync 1 DAGs
[2026-05-24T19:06:57.479+0000] {logging_mixin.py:188} INFO - [2026-05-24T19:06:57.479+0000] {dag.py:3823} INFO - Setting next_dagrun for demo_diplom_dag to 2026-05-24 00:00:00+00:00, run_after=2026-05-31 00:00:00+00:00
[2026-05-24T19:06:57.491+0000] {processor.py:183} INFO - Processing /opt/airflow/dags/demo-dag.py took 0.072 seconds
[2026-05-24T19:07:27.547+0000] {processor.py:161} INFO - Started process (PID=333) to work on /opt/airflow/dags/demo-dag.py
[2026-05-24T19:07:27.547+0000] {processor.py:830} INFO - Processing file /opt/airflow/dags/demo-dag.py for tasks to queue
[2026-05-24T19:07:27.548+0000] {logging_mixin.py:188} INFO - [2026-05-24T19:07:27.548+0000] {dagbag.py:538} INFO - Filling up the DagBag from /opt/airflow/dags/demo-dag.py
[2026-05-24T19:07:27.568+0000] {processor.py:840} INFO - DAG(s) 'demo_diplom_dag' retrieved from /opt/airflow/dags/demo-dag.py
[2026-05-24T19:07:27.591+0000] {logging_mixin.py:188} INFO - [2026-05-24T19:07:27.590+0000] {dag.py:3036} INFO - Sync 1 DAGs
[2026-05-24T19:07:27.606+0000] {logging_mixin.py:188} INFO - [2026-05-24T19:07:27.606+0000] {dag.py:3823} INFO - Setting next_dagrun for demo_diplom_dag to 2026-05-24 00:00:00+00:00, run_after=2026-05-31 00:00:00+00:00
[2026-05-24T19:07:27.618+0000] {processor.py:183} INFO - Processing /opt/airflow/dags/demo-dag.py took 0.074 seconds
[2026-05-24T19:07:57.704+0000] {processor.py:161} INFO - Started process (PID=338) to work on /opt/airflow/dags/demo-dag.py
[2026-05-24T19:07:57.705+0000] {processor.py:830} INFO - Processing file /opt/airflow/dags/demo-dag.py for tasks to queue
[2026-05-24T19:07:57.705+0000] {logging_mixin.py:188} INFO - [2026-05-24T19:07:57.705+0000] {dagbag.py:538} INFO - Filling up the DagBag from /opt/airflow/dags/demo-dag.py
[2026-05-24T19:07:57.719+0000] {processor.py:840} INFO - DAG(s) 'demo_diplom_dag' retrieved from /opt/airflow/dags/demo-dag.py
[2026-05-24T19:07:57.738+0000] {logging_mixin.py:188} INFO - [2026-05-24T19:07:57.738+0000] {dag.py:3036} INFO - Sync 1 DAGs
[2026-05-24T19:07:57.751+0000] {logging_mixin.py:188} INFO - [2026-05-24T19:07:57.751+0000] {dag.py:3823} INFO - Setting next_dagrun for demo_diplom_dag to 2026-05-24 00:00:00+00:00, run_after=2026-05-31 00:00:00+00:00
[2026-05-24T19:07:57.764+0000] {processor.py:183} INFO - Processing /opt/airflow/dags/demo-dag.py took 0.062 seconds
[2026-05-24T19:08:27.835+0000] {processor.py:161} INFO - Started process (PID=343) to work on /opt/airflow/dags/demo-dag.py
[2026-05-24T19:08:27.836+0000] {processor.py:830} INFO - Processing file /opt/airflow/dags/demo-dag.py for tasks to queue
[2026-05-24T19:08:27.836+0000] {logging_mixin.py:188} INFO - [2026-05-24T19:08:27.836+0000] {dagbag.py:538} INFO - Filling up the DagBag from /opt/airflow/dags/demo-dag.py
[2026-05-24T19:08:27.854+0000] {processor.py:840} INFO - DAG(s) 'demo_diplom_dag' retrieved from /opt/airflow/dags/demo-dag.py
[2026-05-24T19:08:27.873+0000] {logging_mixin.py:188} INFO - [2026-05-24T19:08:27.873+0000] {dag.py:3036} INFO - Sync 1 DAGs
[2026-05-24T19:08:27.886+0000] {logging_mixin.py:188} INFO - [2026-05-24T19:08:27.886+0000] {dag.py:3823} INFO - Setting next_dagrun for demo_diplom_dag to 2026-05-24 00:00:00+00:00, run_after=2026-05-31 00:00:00+00:00
[2026-05-24T19:08:27.899+0000] {processor.py:183} INFO - Processing /opt/airflow/dags/demo-dag.py took 0.066 seconds
[2026-05-24T19:08:57.978+0000] {processor.py:161} INFO - Started process (PID=348) to work on /opt/airflow/dags/demo-dag.py
[2026-05-24T19:08:57.978+0000] {processor.py:830} INFO - Processing file /opt/airflow/dags/demo-dag.py for tasks to queue
[2026-05-24T19:08:57.979+0000] {logging_mixin.py:188} INFO - [2026-05-24T19:08:57.979+0000] {dagbag.py:538} INFO - Filling up the DagBag from /opt/airflow/dags/demo-dag.py
[2026-05-24T19:08:57.995+0000] {processor.py:840} INFO - DAG(s) 'demo_diplom_dag' retrieved from /opt/airflow/dags/demo-dag.py
[2026-05-24T19:08:58.013+0000] {logging_mixin.py:188} INFO - [2026-05-24T19:08:58.013+0000] {dag.py:3036} INFO - Sync 1 DAGs
[2026-05-24T19:08:58.027+0000] {logging_mixin.py:188} INFO - [2026-05-24T19:08:58.027+0000] {dag.py:3823} INFO - Setting next_dagrun for demo_diplom_dag to 2026-05-24 00:00:00+00:00, run_after=2026-05-31 00:00:00+00:00
[2026-05-24T19:08:58.038+0000] {processor.py:183} INFO - Processing /opt/airflow/dags/demo-dag.py took 0.063 seconds
[2026-05-24T19:09:28.119+0000] {processor.py:161} INFO - Started process (PID=353) to work on /opt/airflow/dags/demo-dag.py
[2026-05-24T19:09:28.119+0000] {processor.py:830} INFO - Processing file /opt/airflow/dags/demo-dag.py for tasks to queue
[2026-05-24T19:09:28.120+0000] {logging_mixin.py:188} INFO - [2026-05-24T19:09:28.120+0000] {dagbag.py:538} INFO - Filling up the DagBag from /opt/airflow/dags/demo-dag.py
[2026-05-24T19:09:28.135+0000] {processor.py:840} INFO - DAG(s) 'demo_diplom_dag' retrieved from /opt/airflow/dags/demo-dag.py
[2026-05-24T19:09:28.153+0000] {logging_mixin.py:188} INFO - [2026-05-24T19:09:28.153+0000] {dag.py:3036} INFO - Sync 1 DAGs
[2026-05-24T19:09:28.168+0000] {logging_mixin.py:188} INFO - [2026-05-24T19:09:28.168+0000] {dag.py:3823} INFO - Setting next_dagrun for demo_diplom_dag to 2026-05-24 00:00:00+00:00, run_after=2026-05-31 00:00:00+00:00
[2026-05-24T19:09:28.181+0000] {processor.py:183} INFO - Processing /opt/airflow/dags/demo-dag.py took 0.065 seconds
[2026-05-24T19:09:58.267+0000] {processor.py:161} INFO - Started process (PID=358) to work on /opt/airflow/dags/demo-dag.py
[2026-05-24T19:09:58.268+0000] {processor.py:830} INFO - Processing file /opt/airflow/dags/demo-dag.py for tasks to queue
[2026-05-24T19:09:58.269+0000] {logging_mixin.py:188} INFO - [2026-05-24T19:09:58.268+0000] {dagbag.py:538} INFO - Filling up the DagBag from /opt/airflow/dags/demo-dag.py
[2026-05-24T19:09:58.286+0000] {processor.py:840} INFO - DAG(s) 'demo_diplom_dag' retrieved from /opt/airflow/dags/demo-dag.py
[2026-05-24T19:09:58.310+0000] {logging_mixin.py:188} INFO - [2026-05-24T19:09:58.310+0000] {dag.py:3036} INFO - Sync 1 DAGs
[2026-05-24T19:09:58.327+0000] {logging_mixin.py:188} INFO - [2026-05-24T19:09:58.327+0000] {dag.py:3823} INFO - Setting next_dagrun for demo_diplom_dag to 2026-05-24 00:00:00+00:00, run_after=2026-05-31 00:00:00+00:00
[2026-05-24T19:09:58.341+0000] {processor.py:183} INFO - Processing /opt/airflow/dags/demo-dag.py took 0.076 seconds
[2026-05-24T19:10:28.399+0000] {processor.py:161} INFO - Started process (PID=363) to work on /opt/airflow/dags/demo-dag.py
[2026-05-24T19:10:28.399+0000] {processor.py:830} INFO - Processing file /opt/airflow/dags/demo-dag.py for tasks to queue
[2026-05-24T19:10:28.400+0000] {logging_mixin.py:188} INFO - [2026-05-24T19:10:28.400+0000] {dagbag.py:538} INFO - Filling up the DagBag from /opt/airflow/dags/demo-dag.py
[2026-05-24T19:10:28.415+0000] {processor.py:840} INFO - DAG(s) 'demo_diplom_dag' retrieved from /opt/airflow/dags/demo-dag.py
[2026-05-24T19:10:28.435+0000] {logging_mixin.py:188} INFO - [2026-05-24T19:10:28.435+0000] {dag.py:3036} INFO - Sync 1 DAGs
[2026-05-24T19:10:28.460+0000] {logging_mixin.py:188} INFO - [2026-05-24T19:10:28.460+0000] {dag.py:3823} INFO - Setting next_dagrun for demo_diplom_dag to 2026-05-24 00:00:00+00:00, run_after=2026-05-31 00:00:00+00:00
[2026-05-24T19:10:28.474+0000] {processor.py:183} INFO - Processing /opt/airflow/dags/demo-dag.py took 0.077 seconds
[2026-05-24T19:10:58.561+0000] {processor.py:161} INFO - Started process (PID=368) to work on /opt/airflow/dags/demo-dag.py
[2026-05-24T19:10:58.562+0000] {processor.py:830} INFO - Processing file /opt/airflow/dags/demo-dag.py for tasks to queue
[2026-05-24T19:10:58.563+0000] {logging_mixin.py:188} INFO - [2026-05-24T19:10:58.562+0000] {dagbag.py:538} INFO - Filling up the DagBag from /opt/airflow/dags/demo-dag.py
[2026-05-24T19:10:58.579+0000] {processor.py:840} INFO - DAG(s) 'demo_diplom_dag' retrieved from /opt/airflow/dags/demo-dag.py
[2026-05-24T19:10:58.601+0000] {logging_mixin.py:188} INFO - [2026-05-24T19:10:58.601+0000] {dag.py:3036} INFO - Sync 1 DAGs
[2026-05-24T19:10:58.616+0000] {logging_mixin.py:188} INFO - [2026-05-24T19:10:58.616+0000] {dag.py:3823} INFO - Setting next_dagrun for demo_diplom_dag to 2026-05-24 00:00:00+00:00, run_after=2026-05-31 00:00:00+00:00
[2026-05-24T19:10:58.629+0000] {processor.py:183} INFO - Processing /opt/airflow/dags/demo-dag.py took 0.070 seconds
[2026-05-24T19:11:28.687+0000] {processor.py:161} INFO - Started process (PID=373) to work on /opt/airflow/dags/demo-dag.py
[2026-05-24T19:11:28.688+0000] {processor.py:830} INFO - Processing file /opt/airflow/dags/demo-dag.py for tasks to queue
[2026-05-24T19:11:28.689+0000] {logging_mixin.py:188} INFO - [2026-05-24T19:11:28.688+0000] {dagbag.py:538} INFO - Filling up the DagBag from /opt/airflow/dags/demo-dag.py
[2026-05-24T19:11:28.704+0000] {processor.py:840} INFO - DAG(s) 'demo_diplom_dag' retrieved from /opt/airflow/dags/demo-dag.py
[2026-05-24T19:11:28.724+0000] {logging_mixin.py:188} INFO - [2026-05-24T19:11:28.724+0000] {dag.py:3036} INFO - Sync 1 DAGs
[2026-05-24T19:11:28.739+0000] {logging_mixin.py:188} INFO - [2026-05-24T19:11:28.739+0000] {dag.py:3823} INFO - Setting next_dagrun for demo_diplom_dag to 2026-05-24 00:00:00+00:00, run_after=2026-05-31 00:00:00+00:00
[2026-05-24T19:11:28.751+0000] {processor.py:183} INFO - Processing /opt/airflow/dags/demo-dag.py took 0.066 seconds
[2026-05-24T19:11:58.861+0000] {processor.py:161} INFO - Started process (PID=378) to work on /opt/airflow/dags/demo-dag.py
[2026-05-24T19:11:58.861+0000] {processor.py:830} INFO - Processing file /opt/airflow/dags/demo-dag.py for tasks to queue
[2026-05-24T19:11:58.862+0000] {logging_mixin.py:188} INFO - [2026-05-24T19:11:58.862+0000] {dagbag.py:538} INFO - Filling up the DagBag from /opt/airflow/dags/demo-dag.py
[2026-05-24T19:11:58.876+0000] {processor.py:840} INFO - DAG(s) 'demo_diplom_dag' retrieved from /opt/airflow/dags/demo-dag.py
[2026-05-24T19:11:58.893+0000] {logging_mixin.py:188} INFO - [2026-05-24T19:11:58.893+0000] {dag.py:3036} INFO - Sync 1 DAGs
[2026-05-24T19:11:58.908+0000] {logging_mixin.py:188} INFO - [2026-05-24T19:11:58.908+0000] {dag.py:3823} INFO - Setting next_dagrun for demo_diplom_dag to 2026-05-24 00:00:00+00:00, run_after=2026-05-31 00:00:00+00:00
[2026-05-24T19:11:58.922+0000] {processor.py:183} INFO - Processing /opt/airflow/dags/demo-dag.py took 0.063 seconds
[2026-05-24T19:12:28.991+0000] {processor.py:161} INFO - Started process (PID=383) to work on /opt/airflow/dags/demo-dag.py
[2026-05-24T19:12:28.992+0000] {processor.py:830} INFO - Processing file /opt/airflow/dags/demo-dag.py for tasks to queue
[2026-05-24T19:12:28.993+0000] {logging_mixin.py:188} INFO - [2026-05-24T19:12:28.992+0000] {dagbag.py:538} INFO - Filling up the DagBag from /opt/airflow/dags/demo-dag.py
[2026-05-24T19:12:29.009+0000] {processor.py:840} INFO - DAG(s) 'demo_diplom_dag' retrieved from /opt/airflow/dags/demo-dag.py
[2026-05-24T19:12:29.027+0000] {logging_mixin.py:188} INFO - [2026-05-24T19:12:29.027+0000] {dag.py:3036} INFO - Sync 1 DAGs
[2026-05-24T19:12:29.041+0000] {logging_mixin.py:188} INFO - [2026-05-24T19:12:29.041+0000] {dag.py:3823} INFO - Setting next_dagrun for demo_diplom_dag to 2026-05-24 00:00:00+00:00, run_after=2026-05-31 00:00:00+00:00
[2026-05-24T19:12:29.053+0000] {processor.py:183} INFO - Processing /opt/airflow/dags/demo-dag.py took 0.065 seconds
[2026-05-24T19:12:59.147+0000] {processor.py:161} INFO - Started process (PID=388) to work on /opt/airflow/dags/demo-dag.py
[2026-05-24T19:12:59.148+0000] {processor.py:830} INFO - Processing file /opt/airflow/dags/demo-dag.py for tasks to queue
[2026-05-24T19:12:59.148+0000] {logging_mixin.py:188} INFO - [2026-05-24T19:12:59.148+0000] {dagbag.py:538} INFO - Filling up the DagBag from /opt/airflow/dags/demo-dag.py
[2026-05-24T19:12:59.165+0000] {processor.py:840} INFO - DAG(s) 'demo_diplom_dag' retrieved from /opt/airflow/dags/demo-dag.py
[2026-05-24T19:12:59.186+0000] {logging_mixin.py:188} INFO - [2026-05-24T19:12:59.186+0000] {dag.py:3036} INFO - Sync 1 DAGs
[2026-05-24T19:12:59.204+0000] {logging_mixin.py:188} INFO - [2026-05-24T19:12:59.204+0000] {dag.py:3823} INFO - Setting next_dagrun for demo_diplom_dag to 2026-05-24 00:00:00+00:00, run_after=2026-05-31 00:00:00+00:00
[2026-05-24T19:12:59.218+0000] {processor.py:183} INFO - Processing /opt/airflow/dags/demo-dag.py took 0.073 seconds
[2026-05-24T19:13:29.278+0000] {processor.py:161} INFO - Started process (PID=393) to work on /opt/airflow/dags/demo-dag.py
[2026-05-24T19:13:29.278+0000] {processor.py:830} INFO - Processing file /opt/airflow/dags/demo-dag.py for tasks to queue
[2026-05-24T19:13:29.279+0000] {logging_mixin.py:188} INFO - [2026-05-24T19:13:29.279+0000] {dagbag.py:538} INFO - Filling up the DagBag from /opt/airflow/dags/demo-dag.py
[2026-05-24T19:13:29.296+0000] {processor.py:840} INFO - DAG(s) 'demo_diplom_dag' retrieved from /opt/airflow/dags/demo-dag.py
[2026-05-24T19:13:29.318+0000] {logging_mixin.py:188} INFO - [2026-05-24T19:13:29.318+0000] {dag.py:3036} INFO - Sync 1 DAGs
[2026-05-24T19:13:29.337+0000] {logging_mixin.py:188} INFO - [2026-05-24T19:13:29.337+0000] {dag.py:3823} INFO - Setting next_dagrun for demo_diplom_dag to 2026-05-24 00:00:00+00:00, run_after=2026-05-31 00:00:00+00:00
[2026-05-24T19:13:29.352+0000] {processor.py:183} INFO - Processing /opt/airflow/dags/demo-dag.py took 0.077 seconds
[2026-05-24T19:13:59.448+0000] {processor.py:161} INFO - Started process (PID=398) to work on /opt/airflow/dags/demo-dag.py
[2026-05-24T19:13:59.449+0000] {processor.py:830} INFO - Processing file /opt/airflow/dags/demo-dag.py for tasks to queue
[2026-05-24T19:13:59.449+0000] {logging_mixin.py:188} INFO - [2026-05-24T19:13:59.449+0000] {dagbag.py:538} INFO - Filling up the DagBag from /opt/airflow/dags/demo-dag.py
[2026-05-24T19:13:59.466+0000] {processor.py:840} INFO - DAG(s) 'demo_diplom_dag' retrieved from /opt/airflow/dags/demo-dag.py
[2026-05-24T19:13:59.486+0000] {logging_mixin.py:188} INFO - [2026-05-24T19:13:59.486+0000] {dag.py:3036} INFO - Sync 1 DAGs
[2026-05-24T19:13:59.503+0000] {logging_mixin.py:188} INFO - [2026-05-24T19:13:59.502+0000] {dag.py:3823} INFO - Setting next_dagrun for demo_diplom_dag to 2026-05-24 00:00:00+00:00, run_after=2026-05-31 00:00:00+00:00
[2026-05-24T19:13:59.516+0000] {processor.py:183} INFO - Processing /opt/airflow/dags/demo-dag.py took 0.070 seconds
[2026-05-24T19:14:29.577+0000] {processor.py:161} INFO - Started process (PID=403) to work on /opt/airflow/dags/demo-dag.py
[2026-05-24T19:14:29.577+0000] {processor.py:830} INFO - Processing file /opt/airflow/dags/demo-dag.py for tasks to queue
[2026-05-24T19:14:29.578+0000] {logging_mixin.py:188} INFO - [2026-05-24T19:14:29.578+0000] {dagbag.py:538} INFO - Filling up the DagBag from /opt/airflow/dags/demo-dag.py
[2026-05-24T19:14:29.595+0000] {processor.py:840} INFO - DAG(s) 'demo_diplom_dag' retrieved from /opt/airflow/dags/demo-dag.py
[2026-05-24T19:14:29.615+0000] {logging_mixin.py:188} INFO - [2026-05-24T19:14:29.615+0000] {dag.py:3036} INFO - Sync 1 DAGs
[2026-05-24T19:14:29.631+0000] {logging_mixin.py:188} INFO - [2026-05-24T19:14:29.631+0000] {dag.py:3823} INFO - Setting next_dagrun for demo_diplom_dag to 2026-05-24 00:00:00+00:00, run_after=2026-05-31 00:00:00+00:00
[2026-05-24T19:14:29.644+0000] {processor.py:183} INFO - Processing /opt/airflow/dags/demo-dag.py took 0.070 seconds
[2026-05-24T19:14:59.736+0000] {processor.py:161} INFO - Started process (PID=408) to work on /opt/airflow/dags/demo-dag.py
[2026-05-24T19:14:59.737+0000] {processor.py:830} INFO - Processing file /opt/airflow/dags/demo-dag.py for tasks to queue
[2026-05-24T19:14:59.737+0000] {logging_mixin.py:188} INFO - [2026-05-24T19:14:59.737+0000] {dagbag.py:538} INFO - Filling up the DagBag from /opt/airflow/dags/demo-dag.py
[2026-05-24T19:14:59.752+0000] {processor.py:840} INFO - DAG(s) 'demo_diplom_dag' retrieved from /opt/airflow/dags/demo-dag.py
[2026-05-24T19:14:59.770+0000] {logging_mixin.py:188} INFO - [2026-05-24T19:14:59.770+0000] {dag.py:3036} INFO - Sync 1 DAGs
[2026-05-24T19:14:59.785+0000] {logging_mixin.py:188} INFO - [2026-05-24T19:14:59.784+0000] {dag.py:3823} INFO - Setting next_dagrun for demo_diplom_dag to 2026-05-24 00:00:00+00:00, run_after=2026-05-31 00:00:00+00:00
[2026-05-24T19:14:59.798+0000] {processor.py:183} INFO - Processing /opt/airflow/dags/demo-dag.py took 0.064 seconds
[2026-05-24T19:15:29.867+0000] {processor.py:161} INFO - Started process (PID=413) to work on /opt/airflow/dags/demo-dag.py
[2026-05-24T19:15:29.868+0000] {processor.py:830} INFO - Processing file /opt/airflow/dags/demo-dag.py for tasks to queue
[2026-05-24T19:15:29.869+0000] {logging_mixin.py:188} INFO - [2026-05-24T19:15:29.868+0000] {dagbag.py:538} INFO - Filling up the DagBag from /opt/airflow/dags/demo-dag.py
[2026-05-24T19:15:29.883+0000] {processor.py:840} INFO - DAG(s) 'demo_diplom_dag' retrieved from /opt/airflow/dags/demo-dag.py
[2026-05-24T19:15:29.902+0000] {logging_mixin.py:188} INFO - [2026-05-24T19:15:29.901+0000] {dag.py:3036} INFO - Sync 1 DAGs
[2026-05-24T19:15:29.916+0000] {logging_mixin.py:188} INFO - [2026-05-24T19:15:29.916+0000] {dag.py:3823} INFO - Setting next_dagrun for demo_diplom_dag to 2026-05-24 00:00:00+00:00, run_after=2026-05-31 00:00:00+00:00
[2026-05-24T19:15:29.928+0000] {processor.py:183} INFO - Processing /opt/airflow/dags/demo-dag.py took 0.063 seconds
[2026-05-24T19:16:00.029+0000] {processor.py:161} INFO - Started process (PID=418) to work on /opt/airflow/dags/demo-dag.py
[2026-05-24T19:16:00.030+0000] {processor.py:830} INFO - Processing file /opt/airflow/dags/demo-dag.py for tasks to queue
[2026-05-24T19:16:00.030+0000] {logging_mixin.py:188} INFO - [2026-05-24T19:16:00.030+0000] {dagbag.py:538} INFO - Filling up the DagBag from /opt/airflow/dags/demo-dag.py
[2026-05-24T19:16:00.045+0000] {processor.py:840} INFO - DAG(s) 'demo_diplom_dag' retrieved from /opt/airflow/dags/demo-dag.py
[2026-05-24T19:16:00.065+0000] {logging_mixin.py:188} INFO - [2026-05-24T19:16:00.064+0000] {dag.py:3036} INFO - Sync 1 DAGs
[2026-05-24T19:16:00.080+0000] {logging_mixin.py:188} INFO - [2026-05-24T19:16:00.080+0000] {dag.py:3823} INFO - Setting next_dagrun for demo_diplom_dag to 2026-05-24 00:00:00+00:00, run_after=2026-05-31 00:00:00+00:00
[2026-05-24T19:16:00.093+0000] {processor.py:183} INFO - Processing /opt/airflow/dags/demo-dag.py took 0.066 seconds
[2026-05-24T19:16:30.154+0000] {processor.py:161} INFO - Started process (PID=423) to work on /opt/airflow/dags/demo-dag.py
[2026-05-24T19:16:30.154+0000] {processor.py:830} INFO - Processing file /opt/airflow/dags/demo-dag.py for tasks to queue
[2026-05-24T19:16:30.155+0000] {logging_mixin.py:188} INFO - [2026-05-24T19:16:30.155+0000] {dagbag.py:538} INFO - Filling up the DagBag from /opt/airflow/dags/demo-dag.py
[2026-05-24T19:16:30.171+0000] {processor.py:840} INFO - DAG(s) 'demo_diplom_dag' retrieved from /opt/airflow/dags/demo-dag.py
[2026-05-24T19:16:30.192+0000] {logging_mixin.py:188} INFO - [2026-05-24T19:16:30.192+0000] {dag.py:3036} INFO - Sync 1 DAGs
[2026-05-24T19:16:30.207+0000] {logging_mixin.py:188} INFO - [2026-05-24T19:16:30.207+0000] {dag.py:3823} INFO - Setting next_dagrun for demo_diplom_dag to 2026-05-24 00:00:00+00:00, run_after=2026-05-31 00:00:00+00:00
[2026-05-24T19:16:30.220+0000] {processor.py:183} INFO - Processing /opt/airflow/dags/demo-dag.py took 0.068 seconds
[2026-05-24T19:17:00.333+0000] {processor.py:161} INFO - Started process (PID=428) to work on /opt/airflow/dags/demo-dag.py
[2026-05-24T19:17:00.333+0000] {processor.py:830} INFO - Processing file /opt/airflow/dags/demo-dag.py for tasks to queue
[2026-05-24T19:17:00.334+0000] {logging_mixin.py:188} INFO - [2026-05-24T19:17:00.334+0000] {dagbag.py:538} INFO - Filling up the DagBag from /opt/airflow/dags/demo-dag.py
[2026-05-24T19:17:00.350+0000] {processor.py:840} INFO - DAG(s) 'demo_diplom_dag' retrieved from /opt/airflow/dags/demo-dag.py
[2026-05-24T19:17:00.369+0000] {logging_mixin.py:188} INFO - [2026-05-24T19:17:00.369+0000] {dag.py:3036} INFO - Sync 1 DAGs
[2026-05-24T19:17:00.384+0000] {logging_mixin.py:188} INFO - [2026-05-24T19:17:00.384+0000] {dag.py:3823} INFO - Setting next_dagrun for demo_diplom_dag to 2026-05-24 00:00:00+00:00, run_after=2026-05-31 00:00:00+00:00
[2026-05-24T19:17:00.397+0000] {processor.py:183} INFO - Processing /opt/airflow/dags/demo-dag.py took 0.066 seconds
[2026-05-24T19:17:30.459+0000] {processor.py:161} INFO - Started process (PID=433) to work on /opt/airflow/dags/demo-dag.py
[2026-05-24T19:17:30.459+0000] {processor.py:830} INFO - Processing file /opt/airflow/dags/demo-dag.py for tasks to queue
[2026-05-24T19:17:30.460+0000] {logging_mixin.py:188} INFO - [2026-05-24T19:17:30.460+0000] {dagbag.py:538} INFO - Filling up the DagBag from /opt/airflow/dags/demo-dag.py
[2026-05-24T19:17:30.475+0000] {processor.py:840} INFO - DAG(s) 'demo_diplom_dag' retrieved from /opt/airflow/dags/demo-dag.py
[2026-05-24T19:17:30.496+0000] {logging_mixin.py:188} INFO - [2026-05-24T19:17:30.496+0000] {dag.py:3036} INFO - Sync 1 DAGs
[2026-05-24T19:17:30.512+0000] {logging_mixin.py:188} INFO - [2026-05-24T19:17:30.512+0000] {dag.py:3823} INFO - Setting next_dagrun for demo_diplom_dag to 2026-05-24 00:00:00+00:00, run_after=2026-05-31 00:00:00+00:00
[2026-05-24T19:17:30.525+0000] {processor.py:183} INFO - Processing /opt/airflow/dags/demo-dag.py took 0.069 seconds
[2026-05-24T19:18:00.624+0000] {processor.py:161} INFO - Started process (PID=438) to work on /opt/airflow/dags/demo-dag.py
[2026-05-24T19:18:00.624+0000] {processor.py:830} INFO - Processing file /opt/airflow/dags/demo-dag.py for tasks to queue
[2026-05-24T19:18:00.625+0000] {logging_mixin.py:188} INFO - [2026-05-24T19:18:00.625+0000] {dagbag.py:538} INFO - Filling up the DagBag from /opt/airflow/dags/demo-dag.py
[2026-05-24T19:18:00.640+0000] {processor.py:840} INFO - DAG(s) 'demo_diplom_dag' retrieved from /opt/airflow/dags/demo-dag.py
[2026-05-24T19:18:00.658+0000] {logging_mixin.py:188} INFO - [2026-05-24T19:18:00.658+0000] {dag.py:3036} INFO - Sync 1 DAGs
[2026-05-24T19:18:00.675+0000] {logging_mixin.py:188} INFO - [2026-05-24T19:18:00.675+0000] {dag.py:3823} INFO - Setting next_dagrun for demo_diplom_dag to 2026-05-24 00:00:00+00:00, run_after=2026-05-31 00:00:00+00:00
[2026-05-24T19:18:00.688+0000] {processor.py:183} INFO - Processing /opt/airflow/dags/demo-dag.py took 0.067 seconds
[2026-05-24T19:18:30.758+0000] {processor.py:161} INFO - Started process (PID=443) to work on /opt/airflow/dags/demo-dag.py
[2026-05-24T19:18:30.758+0000] {processor.py:830} INFO - Processing file /opt/airflow/dags/demo-dag.py for tasks to queue
[2026-05-24T19:18:30.759+0000] {logging_mixin.py:188} INFO - [2026-05-24T19:18:30.759+0000] {dagbag.py:538} INFO - Filling up the DagBag from /opt/airflow/dags/demo-dag.py
[2026-05-24T19:18:30.776+0000] {processor.py:840} INFO - DAG(s) 'demo_diplom_dag' retrieved from /opt/airflow/dags/demo-dag.py
[2026-05-24T19:18:30.797+0000] {logging_mixin.py:188} INFO - [2026-05-24T19:18:30.797+0000] {dag.py:3036} INFO - Sync 1 DAGs
[2026-05-24T19:18:30.816+0000] {logging_mixin.py:188} INFO - [2026-05-24T19:18:30.816+0000] {dag.py:3823} INFO - Setting next_dagrun for demo_diplom_dag to 2026-05-24 00:00:00+00:00, run_after=2026-05-31 00:00:00+00:00
[2026-05-24T19:18:30.829+0000] {processor.py:183} INFO - Processing /opt/airflow/dags/demo-dag.py took 0.074 seconds
[2026-05-24T19:19:00.918+0000] {processor.py:161} INFO - Started process (PID=448) to work on /opt/airflow/dags/demo-dag.py
[2026-05-24T19:19:00.919+0000] {processor.py:830} INFO - Processing file /opt/airflow/dags/demo-dag.py for tasks to queue
[2026-05-24T19:19:00.920+0000] {logging_mixin.py:188} INFO - [2026-05-24T19:19:00.920+0000] {dagbag.py:538} INFO - Filling up the DagBag from /opt/airflow/dags/demo-dag.py
[2026-05-24T19:19:00.935+0000] {processor.py:840} INFO - DAG(s) 'demo_diplom_dag' retrieved from /opt/airflow/dags/demo-dag.py
[2026-05-24T19:19:00.954+0000] {logging_mixin.py:188} INFO - [2026-05-24T19:19:00.954+0000] {dag.py:3036} INFO - Sync 1 DAGs
[2026-05-24T19:19:00.969+0000] {logging_mixin.py:188} INFO - [2026-05-24T19:19:00.969+0000] {dag.py:3823} INFO - Setting next_dagrun for demo_diplom_dag to 2026-05-24 00:00:00+00:00, run_after=2026-05-31 00:00:00+00:00
[2026-05-24T19:19:00.983+0000] {processor.py:183} INFO - Processing /opt/airflow/dags/demo-dag.py took 0.067 seconds
[2026-05-24T19:19:31.047+0000] {processor.py:161} INFO - Started process (PID=453) to work on /opt/airflow/dags/demo-dag.py
[2026-05-24T19:19:31.048+0000] {processor.py:830} INFO - Processing file /opt/airflow/dags/demo-dag.py for tasks to queue
[2026-05-24T19:19:31.048+0000] {logging_mixin.py:188} INFO - [2026-05-24T19:19:31.048+0000] {dagbag.py:538} INFO - Filling up the DagBag from /opt/airflow/dags/demo-dag.py
[2026-05-24T19:19:31.064+0000] {processor.py:840} INFO - DAG(s) 'demo_diplom_dag' retrieved from /opt/airflow/dags/demo-dag.py
[2026-05-24T19:19:31.083+0000] {logging_mixin.py:188} INFO - [2026-05-24T19:19:31.083+0000] {dag.py:3036} INFO - Sync 1 DAGs
[2026-05-24T19:19:31.098+0000] {logging_mixin.py:188} INFO - [2026-05-24T19:19:31.097+0000] {dag.py:3823} INFO - Setting next_dagrun for demo_diplom_dag to 2026-05-24 00:00:00+00:00, run_after=2026-05-31 00:00:00+00:00
[2026-05-24T19:19:31.111+0000] {processor.py:183} INFO - Processing /opt/airflow/dags/demo-dag.py took 0.066 seconds
[2026-05-24T19:20:01.208+0000] {processor.py:161} INFO - Started process (PID=458) to work on /opt/airflow/dags/demo-dag.py
[2026-05-24T19:20:01.209+0000] {processor.py:830} INFO - Processing file /opt/airflow/dags/demo-dag.py for tasks to queue
[2026-05-24T19:20:01.209+0000] {logging_mixin.py:188} INFO - [2026-05-24T19:20:01.209+0000] {dagbag.py:538} INFO - Filling up the DagBag from /opt/airflow/dags/demo-dag.py
[2026-05-24T19:20:01.224+0000] {processor.py:840} INFO - DAG(s) 'demo_diplom_dag' retrieved from /opt/airflow/dags/demo-dag.py
[2026-05-24T19:20:01.243+0000] {logging_mixin.py:188} INFO - [2026-05-24T19:20:01.243+0000] {dag.py:3036} INFO - Sync 1 DAGs
[2026-05-24T19:20:01.257+0000] {logging_mixin.py:188} INFO - [2026-05-24T19:20:01.257+0000] {dag.py:3823} INFO - Setting next_dagrun for demo_diplom_dag to 2026-05-24 00:00:00+00:00, run_after=2026-05-31 00:00:00+00:00
[2026-05-24T19:20:01.269+0000] {processor.py:183} INFO - Processing /opt/airflow/dags/demo-dag.py took 0.063 seconds
[2026-05-24T19:20:31.339+0000] {processor.py:161} INFO - Started process (PID=463) to work on /opt/airflow/dags/demo-dag.py
[2026-05-24T19:20:31.340+0000] {processor.py:830} INFO - Processing file /opt/airflow/dags/demo-dag.py for tasks to queue
[2026-05-24T19:20:31.340+0000] {logging_mixin.py:188} INFO - [2026-05-24T19:20:31.340+0000] {dagbag.py:538} INFO - Filling up the DagBag from /opt/airflow/dags/demo-dag.py
[2026-05-24T19:20:31.357+0000] {processor.py:840} INFO - DAG(s) 'demo_diplom_dag' retrieved from /opt/airflow/dags/demo-dag.py
[2026-05-24T19:20:31.376+0000] {logging_mixin.py:188} INFO - [2026-05-24T19:20:31.376+0000] {dag.py:3036} INFO - Sync 1 DAGs
[2026-05-24T19:20:31.390+0000] {logging_mixin.py:188} INFO - [2026-05-24T19:20:31.390+0000] {dag.py:3823} INFO - Setting next_dagrun for demo_diplom_dag to 2026-05-24 00:00:00+00:00, run_after=2026-05-31 00:00:00+00:00
[2026-05-24T19:20:31.401+0000] {processor.py:183} INFO - Processing /opt/airflow/dags/demo-dag.py took 0.066 seconds
[2026-05-24T19:21:01.495+0000] {processor.py:161} INFO - Started process (PID=468) to work on /opt/airflow/dags/demo-dag.py
[2026-05-24T19:21:01.496+0000] {processor.py:830} INFO - Processing file /opt/airflow/dags/demo-dag.py for tasks to queue
[2026-05-24T19:21:01.497+0000] {logging_mixin.py:188} INFO - [2026-05-24T19:21:01.497+0000] {dagbag.py:538} INFO - Filling up the DagBag from /opt/airflow/dags/demo-dag.py
[2026-05-24T19:21:01.514+0000] {processor.py:840} INFO - DAG(s) 'demo_diplom_dag' retrieved from /opt/airflow/dags/demo-dag.py
[2026-05-24T19:21:01.534+0000] {logging_mixin.py:188} INFO - [2026-05-24T19:21:01.534+0000] {dag.py:3036} INFO - Sync 1 DAGs
[2026-05-24T19:21:01.548+0000] {logging_mixin.py:188} INFO - [2026-05-24T19:21:01.548+0000] {dag.py:3823} INFO - Setting next_dagrun for demo_diplom_dag to 2026-05-24 00:00:00+00:00, run_after=2026-05-31 00:00:00+00:00
[2026-05-24T19:21:01.562+0000] {processor.py:183} INFO - Processing /opt/airflow/dags/demo-dag.py took 0.069 seconds
